sil dh ax t eh m p er ax ch er d r aa p t t ax f ih f t iy b ih l ow z iy r ow ax n d r ih m ey n d dh eh r dh ax hh ow l t r ih p sp
d uw y uw n ow dh ae t sil w iy w ey eh v r iy p aw n d ax v sil k ow l w iy b er n sp
sil ih t w ax z ax l aa r jh k ax n uw
sil g aa d sp b l eh s sp sp ay hh ow p ay sil sil l g ow aa n s iy ih ng dh eh m f er eh v er sp
sil dh ey sp eh jh d n ih r er ae n d sil s t uh d zh ow l d er t ax zh ow l d er f ey s ih ng dh eh r w er l d sp
sil dh eh r w ax z n ax th ih ng f aa r ax s sp b ax t dh ax w ay d sp r aa ow zh ax n sp
sil ih f y uw ow n l iy sil sil k uh d n ow hh aw ay th ae ng k y uw sp
sil dh ax f aa r th ax n d sil f ih f th d ey z p ae s t sil w ih th aw t eh n iy d ih v eh l ax p m ax n t s
sil dh eh r w ax z n ax th ih ng aa n dh ax r aa k sp
sil ih n dh ae t k ey s sp hh iy k uh d n aa t m ih s dh eh m sp ih f hh iy y uw z d k aa zh ax n sp
sil ay hh ae d sil f ey th ih n dh eh m
sil ay er ow z ow b iy d iy ax n t l iy sp ae n d w eh n t d aw n dh ax sp b iy ch sp
hh iy w ax z w uw n d ih d ih n dh ax aa r m sp
ow n l iy ih t ih z s ow w ax n d er f ax l s ow aa l m ow s t sp ih m p aa s ax b ax l t uw b ih l iy v
sil ay w ax z ax b aw t t ax d uw dh ih s sp hh w eh n k uw l er jh ax jh m ax n t sil p r ih v ey l d sp
sil ih t w ax z ax t eh m sil t ey zh ax n b ax t sil hh iy r iy z ih s t ax d ih t sp
sil ay w ax z s t ih l w iy k f r ax m m ay p r ax l aa ng d ih m er zh ax n sp
sil zh ae l ay k eh r iy y uw sp
sil ax sp hh sil ae f ax sp k ey s ax v sp t ax b ae k ow w ax z sp w er th th r iy p aw n d z
sil ih t ax k er d t ax m iy dh ae t sp dh eh r w uh d hh ae v t ax b iy ae n ax k aw n t ih ng sp
sil ax n aa l t r uw sil ih s t ih k ae k t sp ih z ae n ae k t p er f aa r m d f aa r dh ax w eh l f eh r ax v ax dh er z sp
sil ih t w aa z m ay r iy p aa r t s sp f r ax m dh ax n aa r th sp w ih ch ch iy f sil l iy ih n d uw s t p iy p ax l t uw b ay sp
sil k l ax b z ax n d b aa l z sp ax n d s ih t iy z sp g r uw sp t ax b iy ow n l iy m eh m er r iy z sp
sil r aa b er iy b r ay b er iy sp f r aa d
sil r eh d ay s w ax ng b ae k ax n d f aa r th sp aa n dh ax b r ae n ch f aa r dh er sp d aw n sp
sil ih f ay eh v er n iy d ih d ax f ay t er ih n m ay l ay f sp ay n iy d w ax n n aw sp
sil hh iy w ax z ae n ae m f ih b iy ax n ae n d ax m aw n t ih n ih r sp
sil dh eh n ax n d sp ae t s ax p er hh iy t r ay d t ax f ae dh ax m hh er sp
y uw y uw w uh d n aa t k iy p dh ax t r uw th f r ax m m iy sp
sil dh ax zh ih p zh uh d sil b iy sp ih n w ih dh ih n ax w iy k aa r t eh n d ey z
sil m iy n w ay l ay l g ow aw t t uw b r iy dh sp ax s p eh l
sil g ae d sp y aa r l eh t er k ey m jh ax s t sp ih n t ay m
w ax z ih t dh ax r aa n d ih v uw sil sp ax v dh ow z sp hh uw w er s t r ay v ih ng t uw w er k hh ih z r uw ax n sp
hh w ax t ih f zh iy d ih d n aa t k ax m t ax dh ax r aa k sp
sil w iy w uh d sp n aa t s p eh n d ax n ax dh er s ax ch n ay t sp
hh iy m uw v d ax w ey ae z k w ay ax t l iy ae z hh iy hh ae d sil k ax m sp
sil s ax d ax n l iy hh ih z f ih ng g er z k l ow z d t ay t sil l iy ow v er dh ax hh ae ng k er ch ih f sp
hh iy p uh l d ax n d dh ax l aa g sil k r ae zh t sil d aw n t ax b r ey k hh ih z b ae k sp
sil dh ey w er th r iy hh ax n d r ax d y aa r d z ax p aa r t sp
sil ax b aw t hh ih m eh v r iy w eh r w er dh ax eh v ax d ax n s ax z ax v l ax g zh er iy ae n d ax v ey jh sp
sil dh eh r w ax z ax ch ey n jh n aw sp
hh aw k uh d ay ae n s er dh ax k w eh zh ax n sp aa n dh ax s p er ax v dh ax m ow m ax n t sp
hh iy w ax z sil d ih t er m ax n d n aw t ax m ey n t ey n ax m aa r s er t ax n hh ow l d ax p aa n hh ih m s eh l f
hh iy hh ae d b eh r l iy eh n t er d sp dh ih s sp hh w eh n hh iy s aa dh ax g l ow ax v ax f ay er sp
hh iy hh ae d p iy l d aa f hh ih z zh er t ae n d w ax z sp w ay l d l iy w ey v ih ng ih t sp
sil ay f aa l ow d dh ax l ay n sp ax v dh ax sp p r ax p ow z d sp r ey l r ow d sp l uh k ih ng f aa r ch ae n s ih z
sil s ax m th ih ng v ae s t l iy m aa r th r ih l ih ng hh ae d k ax m ih n t uw ih t sp n aw sp
sil k l ow s b iy s ay d hh ih m g l iy m d sil dh ax w ay t f ae ng z sp ax v dh ax sp w uh l f d aa g sp
hh aa r d sil l iy w er aa r p l ae n z sp m ey d p ax b l ih k sp b iy f aa r w iy w er m eh t sp b ay p aw er f ax l aa p ax z ih zh ax n sp
y eh s sp ih t w aa z ax m ae n hh uw ae s t sp ax s t r ey n jh er sp
sil dh ax v eh r iy ay d iy ax ax v ih t w ax z sp p r ih p sil s t er ax s
sil l ae s n ay t hh iy zh ow d aa l dh ax s ih m p t ax m z ax v k ax m ih ng d aw n w ih th n uw m ow n y ax sp
y uw hh ae v ax s ow s iy ey t ax d w ih th s ax m ax v dh iy z m eh n sp
sil dh ih s w ax n hh ow p w ax z d ih s t r oy d ae z k w ih k l iy ae z ih t w aa z b aa r n
sil zh iy t er n d sil ih n sp ae t sil dh ax hh ow t eh l sp
sil ax m ae d ax n ih ng jh oy p aw n d ih d ih n hh ih z sil sil sil sil sil b r ey n sp
hh iy l uh k t sil sp l ay k sp w ax n hh uw hh ae d sp p ae s t th r uw ae n ax n k ax m f er t ax b ax l aw r aa r t uw sp
sil ax m ax n th ih n aa s t r ey l y ax sp w uh d f ih n ih zh m iy sp
hh iy w ey d ih d ih n t ax dh ax eh jh ax v dh ax w aa t er ae n d b iy g ae n s k r ax b ih ng hh ih m s eh l f
sil v ay ax l ey zh ax n ax v dh ih s l aa w ax z m ey d sp ax hh ay m ih s d ax m iy n er sp ae n d p ax n ih zh t ax k aa r d ih ng l iy sp
sil dh ae t ih z w ax t sp d ih sil s t ih ng g w ih zh ih z aa l ax v ax s sp f r ax m dh ax l ow er ae n ax m ax l z sp
sil ih n s t eh d hh iy jh oy n d hh er ae n d sp dh ey ey t l ay k t uw hh ax ng g r iy ch ih l d r ax n
hh iy hh ae d f aa r g aa t ax n t ax b ih l d ax f ay er ax n d th aa aw t sp
sil dh ey m ax s t hh ae v sil b ih n s w eh p t ax w ey b ay dh ax sp k ey aa t ih k sil k er ax n t s sp
sil dh ax g r ey ay z f aa l t er d sp dh ax f l ax zh d iy p ax n d sp
sil dh ax ih m ow zh ax n w ih ch sp zh iy hh ae d s ax p r eh s t b er s t sp f aa r th n aw ih n ax ch ow k ih ng s aa b
hh iy w ax l f aa l ow ax s s uw n
sil dh ax l ey s w ax z ax v ax sp d eh l ax k ax t sp ay v er iy k aa l er f ey n t sil l iy t ih n t ih d w ih th sp y eh l ow sp
sil dh eh r hh ae z sil b ih n ax ch ey n jh sil zh iy ih n t er ax p t ih d hh ih m sp
sil ae t dh ae t m ow m ax n t sp ay g aa t dh iy ih m p r eh zh ax n dh ae t sp zh iy w aa z w ih l ax w iy sp
sil hh ih z f ey s w ax z s t r iy m ih ng w ih th b l ax d sp
sil ay s ax p ow z y uw w ax n d er w ay zh iy ih z k ax m ih ng ax p hh iy r
sil dh eh r w er ax n t sp eh n iy m ih zh ax n z sp ae n d hh iy w ax z dh ax m ae n t ax n ow sp
sil eh n iy w ey n ow w ax n s aa hh er l ay k dh ae t sp
p r aa v ax d ax n s hh ae d d ih l ih v er d hh ih m th r uw dh ax m ey l s t r ax m
d uw y uw n ow dh ae t sil y uw aa r zh ey k ih ng m ay k aa n f ax d ax n s ih n y uw sp
sil iy ch d ey zh iy b ih k ey m ax m aa r v ay t ax l p aa r t ax v hh ih m
sil b ax t dh eh r k ey m n ow p r aa m ax s f r ax m dh ax b ow ax v dh ax k ax n uw sp
sil ax b ih g sil k ae n v ax s t eh n t sp w ax z sp dh ax f er s t th ih ng t uw k ax m w ih dh ih n hh ih z v ih zh ax n sp
sil dh ey k l ow z d n aw ax n t ih l hh ih z f ih ng g er z w er sil l ay k sp k aa r d z ax v s t iy l sp
f er dh ax t w eh n t iy ih th t ay m dh ae t iy v sil n ih ng sp dh ax t uw m eh n zh uh k hh ae n d z sp
sil dh ax s ih ng ih ng v oy s ax p r ow ch t r ae p ax d l iy sp
sil zh iy ae d ih d w ih th jh eh n y ax w ax n s ih m p ax th iy ih n hh er f ey s ax n d v oy s
sil dh ax f l aw er ax v dh ax aa r t ih s t ih k ae n d ih n t ax l eh k ch uw ax l w er l d sp w er r eh v ax l uw zh ax n ih s t s
sil dh eh r f aa r s ih z w er aa r eh d iy m uw v ih ng ih n t uw dh ax n aa r th k ax n t r iy sp
sil ay ae m zh uh r ih t m ax s t hh ae v b ih n s ax m ax d v eh n ch er sp
sil ay w ax z dh ax ow n l iy w ax n hh uw r iy m ey n d s ih t ih ng sp
sil dh ax m eh n s t eh r d ih n t uw iy ch ax dh er z f ey s
sil b iy aa n d r ih f y uw z ih ng t uw s eh l ax s f uw d sp dh ey l eh f t ax s t uw aa r s eh l v z
dh eh n hh iy s t eh p t sil b ae k w ih th ax l ow k r ay ax v p l eh zh er sp
sil w ih l w iy eh v er f er g eh t ih t sp
sil hh er f ey s w ax z ax g ey n s t hh ih z sp b r eh s t sp
sil b ay v er ch uw ax v dh ae t p aw er w iy zh ae l r iy m ey n ih n p aw er sp
sil zh uh r l iy ay w ax l sp ih k s k y uw s y uw zh iy k r ay d
sil hh iy t ow l d hh ih m s eh l f dh ae t sp ae z hh iy w aa zh t hh ih m s eh l f ax n d g r uw m d hh ih z d ih zh eh v ax l d sil k l ow dh sil z
p er hh ae p s zh iy hh ae d sil aa l r eh d iy m eh t hh er f ey t sp ax l ih t ax l d iy p er ih n dh ax sp f aa r ax s t sp
y uw m ax s t s l iy p hh iy er jh d sp
sil m ay r ay t f uh t f iy l z l ay k dh ae t ax v ax ch ay n iy z d eh b y ax t aa n t sp
hh iy w uh d d ih s t r oy aa l th ih ng z dh ae t aa r f ih k s t sp
sil dh ax n ay t g l ow w ax z t r eh ch er ax s t uw zh uw t b ay sp
sil aw t ax v hh ih z sp ey t iy n hh ax n dh r ih d hh iy l ey d ax s ay d s ih k s t iy n hh ax n dh r ih d iy ch y ih r sp
sil ih t f eh r l iy k l ax b d m iy sp ih n t uw r eh k ax g n ay z ih ng ih t sp
hh iy m ey d sil zh uh r dh ae t dh ax m ae g ax z iy n w ax z l ow d ih d ae n d sil r iy z uw m d hh ih z sp p ae d ax l ih ng sp
hh iy w ax z ax hh eh d zh aa r t er dh ax n hh ih z k ax m p ae n y ax n sp ax v aa l m ow s t sp d eh l ax k ax t sil f ax z iy k sp
sil ax m p l ey ih ng ax s ih ng g ax l hh ae n d sp ih n w ax t l uh k s l ay k sp ax l uw z ih ng g ey m sp
hh aw k uh d sil hh iy ih k s p l ey n hh ih z sp p ax z eh zh ax n ax v dh ax s k eh ch sp
sil ay k ey m f r er ih n f er m ey zh ax n m aa r aw t ax v k y uh r iy aa s ax t iy dh ax n eh n iy th ih ng eh l s
sil dh ax g er l f ey s t hh ih m sp hh er ay z zh ay n ih ng w ih th s ax d ax n f ih r
hh iy hh ae d sil f uh l f ih l d hh ih z d uw t iy ax n d p ey d p r aa p er l iy sp
sil w ih l hh ae v t uw w aa ch sp aw r ch ae n s ih z sp
hh iy hh ae d n ow ih k s k y uw z sp f aa r dh ax f iy l ih ng z w ih ch w er er aw z d ih n hh ih m
sil dh ey w er b ae b l ih ng ax n d sil ch ae t er ih ng aa l t ax g eh dh er sp
hh iy w eh n t d aw n ih n m ih d s t r iy m s er ch ih ng dh ax zh ae d ow z ax v b ow th sil zh sil aa r z
sil s ax m ax v dh ax s m aa l er v ey n z hh ae d sp d aw t l ax s sp b ax n sp r ax p ch er d sp
sil d eh th sp hh ae d k ax m w ih th t eh r ax b ax l s ax d ax n n ax s
sil dh ax p r ax m ow t er z ay z w er hh eh v iy w ih th l ih t ax l p ax f iy b ae g z ax n d er dh eh m
k r ih k ax t s b ih g ae n t ih ch er p sp ae n d sil m aa r g iy s ax n d d ax k s f l uw ow v er hh eh d
sil dh ax r iy aa r g ax n ax z ey zh ax n ax v dh iy z k ax n t r iy z sp t uh k dh ax f aa r m ax v r eh v ax l uw zh ax n sp
sil dh ax t ae s k w iy s eh t aa r s eh l v z sp w aa z sp th r iy f ow l d sp
sil zh iy hh ae d d ay d sil f er m k ow l d ax n d s t aa r v ey zh ax n
hh w ih n sp ay k ae n t s iy b y uw t iy ih n w uh m ax n ay w aa n t t ax sp d ay sp
hh ih z b l ax d g r uw hh aa t w ih th r ey jh ae t dh ax th aa t sp
s ih n s dh eh n s ax m m ih s t ih r iy ax s f aa r s sil sil hh ax z b ih n f ay t ih ng ax s sp ae t eh v er iy s t eh p sp
hh iy l uh k t sp ae t sil dh ax hh ae ng k er ch ih f m aa r sp k l ow s l iy sp
sil dh ey ey t d ih n er ae t sil dh ax f ih f th ae n d r eh s t ih d f aa r t uw aw er z
sil dh eh r z t uw m ax ch ax v dh ax s k uw l b oy ih n m iy sp
sil b ax t sp hh iy r ax m ax ng s t aw er s eh l v z l eh t ax s s p iy k aw t sp
t uw y ih r z ax g ow ay g ey v ax p s ih v ax l ih z ey zh ax n f r er dh ih s
sil hh iy ow b ey d sil dh ax p r eh zh er ax v hh er hh ae n d
sil zh iy w ax z sil sil hh ih z n aw f er eh v er sp
sil b ax t s ax ch d ay v er jh ax n s ax v ax p ih n y ax n w uh d sp k aa n s t ax t uw t n ow m eh n ax s t uw s ax s ay ax t iy sp
y aa r sp b iy ih ng r eh k t hh iy r sp hh ae z b ih n ax sp g aa d s eh n d sp t ax m iy sp
hh ih z sp ih m ae k y uw l ih t sp ax p ih r ax n s w aa z g aa n sp
y eh t sp b ih hh ay n d dh eh m dh eh r w ax z ax n ax dh er ae n d sil m aa r p aw sil er f ax l m ow t ih v
sil t uw m ay s ax p r ay z hh iy b iy g ae n t ax zh ow sp ae k zh ax l ih n th uw z iy ae z ax m ih n m ay f ey v er sp
sil ih t ih z dh ax f ay er p aa r t l iy zh iy s eh d sp
sil ih t w ax z ax k y uh r iy ax s sp k ow ih n s ih d ax n s
sil dh ih s sp w aa z sp w eh n dh ax ih k s p l ow zh ax n ax k er d sp
sil f aa r ax f uh l m ih n ax t sp hh iy k r aw ch t sp ae n d l ih s ax n d sp
sil dh eh n y uw k ae n er ey n jh y er s eh l f k ax m f er t ax b l iy sp ax m ax ng dh iy z r ow b z ih n dh ax b ow sp
sil ay w ax z sil b r aa t ax p sil dh ax w ey m ow s t sp g er l z ih n hh ax w ay iy aa r b r aa t ax p
sil zh iy w ax z s l iy p ih ng ax n d er hh ih z p er t eh k zh ax n ae z s w iy t l iy ae z ax ch ay l d
sil ay f aa r g aa t sp hh aw iy z ax l iy ay hh ae d t aa t m ay s eh l f sp f r ax m dh ax p r ih n t ih d p ey jh sp
hh w ax t sil w ax z dh ax aa b sil jh eh k t ax v y aa r l ih t ax l s eh n s ey zh ax n sp
sil ae n d y uw aa l w iy z w aa n t t ax s iy ih t sp ih n dh ax s uh p er l ax t ih v d ih g r iy sp
sil ae n d dh ax b ih g sp p er zh ax n n uw ax v hh ih z ih g z ih s t ax n s b iy f aa r hh iy d ih d ax v hh er z sp
sil ay s ax p ow z y uw p ih k t dh ae t l ih ng g ow ax p sp ax m ax ng dh ax ih n d iy ax n z
sil ax k aa m b ax n ey zh ax n ax v k ax n ey d iy ax n k ae p ax t ax l sp k w ih k l iy aa r g ax n ay z d ae n d sp p ax t ih zh ax n d sil sp f aa r dh ax s ey m p r ih v ih l ih jh ih z
sil ax t r ih k ax l ax v f r eh zh b l ax d r ae n sp ow v er hh ih z f ey s
sil s ax ch ae n ae k t sp w ax z ih n d ay r eh k t sil v ay ax l ey zh ax n ax v dh ax l aa z ax v dh ax l ae n d sp
ae n d t w eh n t iy m eh n sp k uh d hh ow l d ih t w ih th s p ih r z ae n d sp ae r ow z sp
b ax t dh ey m ey k dh iy m ih s t ey k ax v ih g n aa r ih ng dh eh r ow n d uw ae l ax t iy sp
sil hh w ay n aa t l ay k eh n iy r ey l r ow d sil s t ey zh ax n er f eh r iy d iy p ow sil sp
ih t w ax z ax l aa r jh k ax n uw sil sp
sil g aa d sp b l eh s sil sil sil sp ay hh ow p ay l g ow aa n s iy ih ng dh eh m f er eh v er sp
ih f y uw ow n l iy k uh d n ow hh aw ay th ae ng k y uw sp
eh v r iy b ow n ih n hh er ey jh d b aa d iy sp s iy m d b r ow k ax n aa r d ih s l ow k ey t ih d sp
dh ax f aa r th ae n d f ih f th d ey z p ae s t w ih dh aw t sp eh n iy d ih v eh l ax p m ax n t s
dh ax k w eh s ch ax n z m ey hh ae v k ax m v ey g l iy ih n hh ih z m ay n d sp
sil dh eh r w ax z sp n ax th ih ng sp aa n dh ax r aa k sp
v ay ax l ax n t l ay f ax n d ae th l eh t ih k sil s p aa r t s hh ae d n eh v er sp ax p iy l d sp t ih sp m iy sp
sil ay hh ae d f ey th ih n sp dh eh m sp
n aw dh iy z th ih ng z hh ae d b ih n s t r ax k d eh d w ih th ih n hh ih m
hh iy w ax z w uw n d ih d ih n dh ax aa r m
sil ow n l iy sp ih t ih z s ow w ax n d er f ax l sp s ow aa l m ow s t ih m p aa s ax b ax l t ih b ih l iy v sp
sil ay w ax z ax b aw t t uw d uw dh ih s w eh n k uw l er jh ax jh m ax n t p r iy v ey l d sp
ih t w ax z ax t eh m t ey zh ax n sp b ax t hh iy r ih z ih s t ih d ih t sp
sil zh ae l ay k ae r iy y uw sp
sil ih t ax k er d t uw m iy dh ae t dh eh r w uh d hh ae v sp t ih b iy sp ax n ax k aw n t ih ng sp
sil ih t w ax z m ay r ih p aa r t s f er m dh ax n aa r th sp hh w ih ch ch iy f l iy ih n d sil uw s t p iy p ax l t uw b ay sp
sil k l ax b z ae n d b aa l z ax n d s ih t iy z sp g r uw t uw b iy sp ow n l iy m eh m er iy z sp
hh iy w ax z s m uw dh zh ey v ax n sp ae n d hh ih z hh eh r ae n d ay z w er b l ae k sp
sil r aa b er iy sp b r ay b er iy sp f r aa d sp
sil aa l s ow sp ch er r ch ih z ax n d p r iy ch er z sp ay hh ae d n eh v er n ow n sp
sil ih f ay eh v er n iy d ih d ax f ay t er ih n m ay l ay f sp ay n iy d w ax n n aw sp
sil dh eh n sp ae n d ae t s ax p er sp hh iy t r ay d t ih f ae dh ax m sp hh er sp
y uw sp y uw w uh d n aa t k iy p dh ax t r uw th f r ax m m iy sp
dh ax zh ih p zh uh d b iy ih n w ih dh ih n ax w iy k sp aa r t eh n d ey z sp
sil dh ax s t uw er d hh ae z jh ax s t t eh n d er d m iy ax r ih s p eh k t f ax l sp b ih t ax v ax d v ay s sp
sil m iy n w ay l sp ay l g ow aw t t uw b r iy dh sp ax s p eh l sp
sil g ae d sp y uh r l eh t er k ey m jh ax s t ih n t ay m sp
sil w ax z ih t dh ax r aa n d ih v uw sp ax v dh ow z hh uw w er sil s t r ay v ih ng t ax w er k hh ih z r uw ih n
sil hh w ax t ih f zh iy d ih d n aa t k ax m t ax dh ax r aa k sp
sil hh iy m uw v d ax w ey sp ae z sp k w ay ax t l iy ae z hh iy hh ae d sp k ax m sp
sil ay t eh l y uw sp ax m d ih s g ax s t ax d w ih dh dh ih s ae d v eh n ch er sp t aa m f uw l er iy sp ae n d r aa t sp
sil s ax d ax n l iy sp hh ih z f ih ng g er z k l ow z d sp t ay t l iy sp ow v er dh ax hh ae ng k er ch iy f sp
sil s ax m t ay m z hh er d r iy m z w er f ih l d sp w ih dh sil v ih zh ax n z sp
sil dh ey w er th r iy hh ax n d r ih d y aa r d z ax p aa r t sp
sil ax b aw t hh ih m sp eh v r iy w eh r sp w er dh ax eh v ax d ax n s ax z ax v l ax g zh er iy sp ae n d ax v sp ey jh sp
sil dh eh r w ax z ax ch ey n jh n aw sp
hh ih z sil s l ih m hh ae n z sp g r ih p t dh ax eh jh ih z ax v dh ax t ey b ax l
hh iy w ax z d ih t er m ax n d n aw t uw m ey n t ey n ax m aa r sp s er t ax n hh ow l d sp ax p aa n sp hh ih m s eh l f
sil hh iy g ey v w ax n l ae s sil s n aa r sil l sp ae n d sil s l ih d f r ax m v y uw sp ax m ax ng dh ax t r iy z sp
sil s t r ey t sp aw t dh ey s w ae m sp dh eh r hh eh d z sp g r ow ih ng sil s m aa l er ae n d s m aa l er sp
hh iy hh ae d b eh r l iy eh n t er d dh ih s sp hh w ih n hh iy s aa dh ax g l ow ax v ax f ay r sp
sil ay f aa l ow d dh ax l ay n ax v dh ax p r ax p ow z d r ey l r ow d sp l uh k ih ng f er ch ae n s ih z sp
dh iy d ih s k ax v er iy s iy m d t ih hh ae v b ih n m ey d aa n dh ax s p er ax v dh ax m ow m ax n t sp
w ih th m ay s t r eh ng th ay s l ae m d ih t f uh l ih n t uw r eh d ay z sp f ey s sp
k l ow s b iy s ay d hh ih m sp g l iy m d dh ax w ay t f ae ng z ax v dh ax w uh l f d aa g sp
hh aa r d l iy w er aa r p l ae n z m ey d p ax b l ih k sp b iy f aa r w iy w er m eh t b ay p aw er f ax l aa p ax z ih zh ax n sp
y eh s ih t w ax z ax m ae n hh uw ae s k t sp ax s t r ey n jh er sp
sil dh ih s w ax n hh ow p w ax z d ih s t r oy d ae z k w ih k l iy ae z ih t w ax z b aa r n
f r er ax t ay m dh iy ih k s ay t ih ng th r ih l ax v hh ih z ae d v eh n ch er w ax z g aa n
sil dh eh r w ax z n ow ch ae n s t ax f ay r w ih dh aw t hh ih t ih ng hh ih m
sil ae n d hh iy w ax z f ih l d w ih dh ax s t r ey n jh ae n d f aa r b ow d ih ng f ih r
sil zh iy t sil er n d sil ih n ae t dh iy hh ow t eh l
sil ax m ae d ax n ih ng jh oy p aw n d ih d ih n hh ih z b r ey n sp
sil hh iy w ey d ih d ih n t uw dh iy eh jh ax v dh ax w aa t er sp ae n d b ih g ae n s k r ax b ih ng hh ih m s eh l f
ih n s t eh d sp hh iy jh oy n d hh er sp ae n d dh ey sp ey t l ay k t uw hh ax ng g r iy ch ih l d r ax n
sil dh iy g r ey ay z f aa l t er d sp dh ax f l ax zh sp d iy p ax n d sp
sil dh iy ih m ow zh ax n hh w ih ch zh iy hh ae d s ax p r eh s t sp b er r s t f aa r th n aw sp ih n ax ch ow k ih ng s aa b
sil n eh v er s ow s t r ey n jh ax p r aa f ax t k ey m ax p t ih jh er uw s ax l ax m sp
hh iy w ih l f aa l ow ax s s uw n sp
sil dh iy l ey s w ax z ax v ax sp d eh l ax k ax t ay v er iy k aa l er sp f ey n t l iy t ih n t ih d w ih th y eh l ow sp
sil dh eh r hh ae z b ih n ey ch ey n jh sp zh iy ih n t er ax p t ih d hh ih m sp
sil hh ih z f ey s w ax z sil s t r iy m ih ng sp w ih th sp b l ax d sp
sil ay s ax p ow z y uw w ax n d er w ay sp zh iy ih z k ax m ih ng ax p hh iy r
sil eh n iy w ey sp n ow w ax n s aa hh er l ay k dh ae t sp
p r aa v ax d ax n s hh ae d d ih l ih v er d hh ih m sp th r uw dh ax m ey l s t r ax m
d uw y uw n ow dh ae t y uw er zh ey k ih ng m ay k aa n f ax d ax n s ih n y uw sp
sil iy ch d ey sp zh iy b iy k ey m sp ax m aa r v ay t ax l p aa r t ax v hh ih m
hh iy m ey d ih z ay er t ih ih s k ey p p ey n sp aa r t uw ih n jh oy p l eh zh er sp
b ax t dh eh r k ey m n ow p r aa m ax s f r ax m dh ax b ow sil ax v dh ax k ax n uw sil sp
sil ax b ih g sp k ae n v ax s t eh n t w ax z dh ax f er s t th ih ng sp t ih k ax m w ih th ih n hh ih z sil v ih zh ax n sp
dh ey k l ow z d sp n aw ax n t ih l hh ih z f ih ng g er z w er l ay k k aa r d z ax v s t iy l sp
sil f aa r dh ax t w eh n t iy ax th t ay m sp dh ae t sp iy v n ih ng sp dh iy sp t uw m eh n zh uh k hh ae n d z sp
sil ih t s n aa t ax n ax t eh m p t t ax s m ae zh dh ax m aa r k ih t sp
dh ax s ih ng sil ih ng v oy s ax p r ow ch t r ae p ax d l iy sp
sil zh iy ae d ih d sp w ih dh jh eh n y uw w ay n s ih m p ax th iy ih n hh er f ey s ae n d v oy s sp
sil dh eh r f aa r s ih z sp w er aa l r eh d iy m uw v ih ng ih n t uw dh ax n aa r th k ax n t r iy sp
dh eh r w ax z n sil sil ax n ax v dh iy jh oy ax v m iy t ih ng ih n hh ih z f ey s sp
sil ay w ax z dh iy ow n l iy w ax n hh uw r iy m ey n d sp s ih t ih ng sp
sil dh ax m eh n s t eh r d ih n t uw iy ch ax dh er z f ey s sp
sil dh eh n hh iy s t eh p t sp b ae k w ih th ax l ow sp k r ay ax v p l eh zh er sp
sil w ih l w iy eh v er f er g eh t ih t sp
hh er f ey s w ax z ax g eh n s t hh ih z b r eh s t sp
sil b ay v er r ch uw sp ax v dh ae t p aw er sp w iy zh ae l r iy m ey n ih n p aw er sp
sil zh uh r l iy ay w ih l ih k s k y uw z y uw sp zh iy k r ay d sp
sil f r er dh ax f er s t t ay m ih n hh ih z l ay f sp hh iy w ax z y er n ih ng sp f aa r ax s k r ae p
n ow b ax d iy n y uw hh ih z hh ih s t r iy sp dh ey ax v dh iy sp hh uh n t ax sp l iy s t sp ax v sp aa l
dh ax r ih v er sp b eh r d ih t s b uh z ax m sp ae n d sil s n aa r t ih ng sil s t iy m b ow t s ch ae l ax n jh d dh ax w ih l d er n ax s sp
hh iy t ow l d hh ih m s eh l f dh ae t ae z hh iy w aa zh t hh ih m s eh l f sp ae n d g r uw m d sp hh ih z sp d ih zh eh v ax l d sp k l ow dh z sp
p er hh ae p s zh iy hh ae d aa l r eh d iy m eh t hh er f ey t sp ax l ih t ax l d iy p er sp ih n dh ax f aa r ax s t sp
y uw m ax s t sil s l iy p sp hh iy er jh d sp
sil m ay r ay t f uh t f iy l z l ay k sp dh ae t ax v ax ch ay n iy z d eh b y ax t aa n t sp
t eh n m ih n ax t s hh ae d n aa t ih l ae p s t sp s ih n s hh iy hh ae d d r aa p t dh iy hh ae ng k er ch iy f
ih t s d ay ae m ax t er w ax z n aa t m aa r dh ax n sp t uw hh ax n d r ih d sp y aa r d z sp
dh ax n ay t g l ow w ax z t r eh ch er ax s t uw zh uw t b ay sp
sil ih t f eh r l iy k l ax b d m iy sp ih n t ax r eh k ax g n ay z ih ng ih t sp
hh iy m ey d zh uh r dh ax t sil sil dh ax m ae g ax z iy n w ax z l ow d ih d sp ae n d r ih z uw m d hh ih z p ae d l ih ng sp
hh iy w ax z ax hh eh d zh aa r t er dh ae n hh ih z k ax m p ae n y ax n sp ax v aa l m ow s t d eh l ax k ax t f ax z iy k sp
sil ay m p l ey ih ng ax s ih ng g ax l hh ae n d ih n w ax t l uh k s l ay k ax l uw z ih ng g ey m sp
hh aw k uh d hh iy ih k s p l ey n hh ih z p ax z eh zh ax n ax v dh ax s k eh ch sp
f r ax m m ay er l iy ax s t r eh k ax l eh k zh ax n m ay s l iy p w ax z ax p ih r iy ax d ax v t eh r er sp
sil ay k ey m f r er ih n f er m ey zh ax n m aa r sp aw t ax v k y uh r iy aa s ax t iy dh ax n eh n iy th ih ng sp eh l s sp
dh ax sp ae d ih d w ey t hh ae d ax v ax l aa s ax t iy ax v f ih f t iy n m ay l z p er aw er sp
dh ax g er l f ey s t hh ih m sp hh er ay z sp zh ay n ih ng w ih th s ax d ax n f ih r sil
sil w ih l hh ae v t uw w aa ch aa r ch ae n s ih z sp
sil hh iy hh ae d n ow ih k s k y uw z f aa r dh iy f iy l ih ng z w ih ch w er er aw z d ih n hh ih m
hh ih z p r iy v iy ax s w ay v z hh ae d n eh v er l ih v d sp l aa ng iy n ax f t ax b eh r sp hh ih m ch ih l d r ax n
hh iy w eh n t sil d aw n ih n m ih d s t r iy m sp s er ch ih ng dh ax zh ae d ow z ax v sp b ow th zh aa r z sp
sil ay n eh v er sp ax l aw w ax t k ae n t b iy ch ey n jh d t uw sp ax n oy m iy sp
sil dh ih s t ae s ih t p r aa m ax s ax v k ax n t ih n y uw d ax k w ey n t ax n s g ey v s ae k s ax n sp ey l ih t ax l jh oy th r ih l
sil d eh th hh ae d k ax m w ih th t eh r ax b ax l s ax d ax n n ax s sp
dh ax p r ax m ow t er z sp ay z w er hh eh v iy sp w ih th l ih t ax l p ax f iy b ae g z sp ax n d er dh eh m sp
sil zh iy hh ae d sp d ay d f er m sp k ow l d ae n d sil s t aa r v ey zh ax n
n aw p l iy z sp g ih v ax p l ey n s t ey t m ax n t sp ax v w ax t ax k er d sp
hh ih z b l ax d g r uw sil hh aa t w ih th r ey jh sp ae t dh ax th aa t sp
hh er ax ch iy v m ax n t s w ih th k ow k ow n ax t s w er ax r eh v ax l ey zh ax n
sil dh ey l uh k ae z dh ow hh iy hh ae d b ih n d r ax m ih ng sp ax sp p iy ae n ax aa l hh ih z l ay f
sil s ih n s dh eh n sp s ax m m ih s t ih r iy ax s f aa r s hh ae z b ih n f ay t ih ng ax s sp ae t eh v r iy s t eh p sp
hh iy l uh k t ae t dh iy hh ae ng k er ch iy f m aa r sp k l ow s l iy sp
dh ey ey t d ih n er ae t dh ax f ih th sp ae n d r eh s t ih d f r er t uw aw er z sp
t uw y er z ax g ow ay g ey v ax p s ih v ax l ih z ey zh ax n f r er dh ih s sp
dh ae t s w eh r dh ey k ax t aa f dh ax s k aa t ih zh ch iy f s sp ae n d k ih l d aa l hh ae n d z
hh iy ow b ey d dh ax p r eh zh er ax v hh er hh ae n d sp
sil zh iy w ax z hh ih z n aw sp f er eh v er sp
ih n p aa r t n er zh ih p w ih th d ey l ay t sp dh ax p eh r r ey d ih d sp dh iy s ae n hh ow z ey sp ih n t er er r b ax n
sil ae t dh iy b eh s t sp dh ey w er n eh s ax s eh r iy ae k s eh s er iy z sp
sil hh uw dh ax d eh v ax l g ey v ih t t uw y uw t ih b iy jh ax jh ae n d jh uh r iy sp
sil hh ih z ih m ae k y uw l ih t ax p ih r sil ax n s sp w ax z g aa n sp
sil t uw m ay s ax sil p r ay z sp hh iy b ih g ae n t uw zh ow ae k zh ax l ih n th uw z iy ae z ax m sp ih n m ay f ey v er sp
ih t ih z dh ax f ay er sil sp p aa r t l iy sp zh iy s eh d sp
sil ih t w ax z ax k y uh r iy ax s k ow ih n s ih d ax n s sp
sil f r er ax f uh l m ih n ax t hh iy k r aw ch t ae n d l ih s ax n d sp
sil dh eh n y uw k ax n er ey n jh y er s eh l f sp k ax m f er t ax b l iy sp ax m ax n dh iy z r ow b z sp ih n dh ax b ow sp
f r eh zh k ey s ih z sp s t ih l sp ey b ax l t uw w aa k sp dh ey k l ax s t er d sp ax b aw t dh ax s p ow k s m ax n sp
sil zh iy w ax z sil s l iy p ih ng ax n d er hh ih z p er t eh k zh ax n ae z s w iy t l iy ae z ax sp ch ay l d sp
sil hh w ax t w ax z dh iy aa b jh eh k t ax v y uh r l ih t ax l s eh n s ey zh ax n sp
sil ae n d y uw aa l w iy z w aa n t t ih s iy ih t sp ih n dh ax s uh p er l ax t ih v sp d ih g r iy sp
sil dh ax m ae n sil s m ay l d sp g r ih m l iy sp ae n d b r aa t ax hh ae ch ax t ae n d ax k l ax b sp
sil dh ax s eh n t s ax v sil s t r ey n jh v eh jh ax t ey zh ax n b l uw aa f dh ax t r aa p ih k l ae n d sp
sil ay l t eh l y uw sp dh ax l ay b r eh r iy ax n s eh d w ih dh ax b r ay t ax n ih ng f ey s sp
sil ay s ax p ow z y uw p ih k t dh ae t l ih ng g ow ax p sp ax m ax ng dh ax ih n d iy ax n z sp
sil ay hh ae v t ax b iy k eh r f ax l ax v dh eh m sp ae z dh ey t ih r v eh r iy iy z ax l iy sp
hh w ay sp hh iy z b aa t f aa r t iy p aw n z ax v sp g uh d z f er m y uw aa l r eh d iy sp
sil ax k aa m b ax n ey zh ax n ax v k ax n ey d iy ax n k ae p ih t ax l k w ih k l iy aa r g ax n ay z d sp ae n d p ax t ih zh ax n d sp f r er dh iy s ey m sp p r ih v ih l ih jh ih z sp
sil ax t r ih k ax l ax v f r eh zh b l ax d sp r ae n ow v er hh ih z f ey s
ih t w ax z dh ax s ey m w ey w ih dh aa r r ih v aa l v er z ae n d r ay f ax l z sp
hh ih z hh ae n d sp zh aa t sp aw t sp ae n d k l ax ch t sp k r uh k ax d l eh g b ay dh ax n eh k sp
b ax t dh ey m ey k dh ax m ih s t ey k sil ax v ih g n aa r ih ng dh eh r ow n d sil uw ae l ax t iy sp
sil ih f ay w ax z sil aw t ax v sp dh ax g ey m sp ih t w uh d b iy iy z ax l iy m ey d sp
ih t w ax z ax l aa r jh k ax n uw sil
g aa d sil b l eh s eh m sil ay hh ow p ay sil sil l g ow aa n s iy ih ng dh eh m f er eh v er sil
ih f y uw ow n l iy k uh d n ow sp hh aw ay th ae ng k y uw sp
eh v r iy b ow n ih n hh er ey s d b aa d iy sp s iy m d sil sp b r ow k ax n sp aa r d ih s l ow k ey t ih d sp
sil hh iy hh ae d ax b ih g ch ih m p ae n z iy sp dh ax t w ax z ax w ih n er sp
dh ax f aa r th ae n d f ih f th d ey z p ae s t sil w ih dh aw t eh n iy d ih v eh l ax p m ax n t s
sil dh eh r w ax z n ax th ih ng aa n dh ax r aa k sil
sil dh eh r w er aa r ih n jh g r iy n sp g ow l d g r iy n sp ae n d ax k aa p er g r iy n sp
sil ay hh ae d f ey th ih n dh eh m
n aw sp dh iy z th ih ng z hh ae d sil b ih n s t r ax k d eh d sp w ih th ih n hh ih m sp
sil hh iy w ax z w uw n d ih d ih n dh iy aa r m
ow n l iy sp ih t ih z s ow w ax n d er f ax l sp s ow aa l m ow s t ih m p aa s ax b ax l t uw b ih l iy v sp
ay w ax z ax b aw t t ax d uw dh ih s sil w eh n k uw l er jh ax jh m ax n t p r iy v ey l d
ih t w ax z ax t eh m t ey zh ax n sil b ax t hh iy r iy z ih s t ih d ih t
sil ih t ih z ax sp g uh d p r aa p er t iy sp ae n d w er th m aa r dh ae n dh ae t sp
zh ae l ay k eh r iy y uw sil
ih t ax k er d t ax m iy dh ae t sil dh eh r w uh d hh ae v t ax b iy sil ax n sil ax k aw n t ih ng sil
ih t w ax z m ay r iy p aa r t s f r ax m dh ax n aa r th hh w ih ch ch iy f l iy ih n d uw s t p iy p ax l t uw b ay sil
sil dh ax p r eh z ih d ax n t ax v dh iy y uw n ay t ih d s t ey t s sp w aa z sil hh ih z f r eh n d sp
k l ax b z sil ae n d b aa l z ae n d s ih t iy z g r uw t uw b iy ow n l iy m eh m ax r iy z sil
r aa b er iy sil b r ay b er iy sil f r aa d
sil dh ax v eh r iy th aa t ax v dh ax eh f er t t ih s w ih m ow v er w aa z sp n aa zh iy ey t ih ng
b ax t dh eh r w ax z s ax m th ih ng iy v ih n m aa r s t aa r t l ih ng dh ae n sp dh ih s r iy z eh m b l ax n s
ih f ay eh v er n iy d ih d sil ax f ay t er ih n m ay l ay f sil ay n iy d w ax n n aw sil
dh eh n sil ae n d ae t s ax p er sil hh iy t r ay d t ax f ae dh ax m hh er sil
y uw sp y uw w uh d n aa t k iy p dh ax t r uw th f r ax m m iy sp
dh ax zh ih p zh uh d sil b iy ih n sil w ih th ih n ax w iy k sil aa r t eh n d ey z
sil m iy n w ay l sil ay l g ow aw t t ax b r iy dh ax s p eh l
g ae d sil y aa r l eh t er k ey m jh ax s t ih n t ay m sil
sil w ax z ih t dh ax r aa n d ih v uw ax v dh ow z hh uw w er s t r ay v ih ng t uw w er k hh ih z r uw ih n sil
w ax t ih f zh iy d ih d n aa t k ax m t ax dh ax r aa k
sil hh iy m uw v d ax w ey ae z k w ay ax t l iy ae z hh iy hh ae d k ax m
sil s ax d ax n l iy sil hh ih z f ih ng g er z k l ow z d t ay t l iy ow v er dh ax hh ae ng k er ch ih f sil
sil dh ax b uh ch er z ae n d m iy t k ax t er z r ih f y uw z d t ax hh ae n d ax l sp m iy t sp d eh s t ih n d f aa r ax n f eh r r eh s t r aa n t s sp
dh ey w er th r iy hh ax n d r ax d y aa r d z ax p aa r t
ax b aw t hh ih m sil eh v r iy w eh r sil w er dh ax eh v ax d ax n s ax z ax v l ax g zh er iy ae n d sil ax v sil ey jh sil
dh eh r w ax z ax ch ey n jh n aw sil
hh ih z s l ih m hh ae n z g r ih p t sp dh iy eh jh ih z ax v dh ax t ey b ax l sp
hh iy w ax z d ih t er m ax n d n aw sp t uw m ey n t ey n ax m aa r s er t ax n hh ow l d sp ax p aa n hh ih m s eh l f sp
sil dh eh r w ax z p r aa p er d ih v ih zh ax n ax v l ey b er ih n dh ax w er k sp dh ey ih n d ih v ih jh ax l iy p er f aa r m d sp
hh iy hh ae d b eh r l iy eh n t er d sil dh ih s sil hh w eh n hh iy s aa dh ax g l ow ax v ax f ay er sil
ay f aa l ow d dh ax l ay n ax v dh ax p r ax p ow z d r ey l r ow d sil l uh k ih ng f aa r ch ae n s ih z
sil w iy hh ae v p l eh n t iy ax v k ae p ih t ax l aa r s eh l v z sp ae n d y eh t w iy w aa n t m aa r sp
k l ow s b iy s ay d hh ih m g l iy m d dh ax w ay t f ae ng z ax v dh ax w uh l f d aa g
sil dh ax f aa r m er w er k s dh ax s oy l ae n d p r ax d uw s ih z g r ey n sp
hh aa r d sil l iy w er aw r p l ae n z m ey d sil p ax b l ih k sil b iy f aa r w iy w er m eh t b ay p aw er f ax l sil aa p ax z ih zh ax n
y eh s sil ih t w ax z ax m ae n hh uw ae s t sil ax s t r ey n jh er sil
ih t w ax z n aa t ax l aa r jh sp l ey k sp ax n d aa l m ow s t r sil aw n d sp
sil dh ae t s w ay ih t s b aw n d er iy z aa r aa l g aw jh d ae n d jh ae g sil d sp
dh ih s w ax n hh ow p w aa z d ih s t r oy d ae z k w ih k l iy ae z ih t w ax z b aa r n
sil zh iy t er n d ih n sil ae t dh ax hh ow t eh l sil
ax m ae d ax n ih ng jh oy p aw n d ih d ih n hh ih z b r ey n
sil v eh r iy f y uw p iy p ax l n y uw ax v dh iy ih g z ih s t ax n s ax v dh ih s l aa sp
sil hh iy w ey d ih d ih n t uw dh ax eh jh ax v dh ax w aa t er sil ae n d b iy g ae n s k r ax b ih ng hh ih m s eh l f sil
sil ih t t uh k ih m hh ae f ax n aw er t uw r iy ch dh iy eh jh ax v ih t sp
ih n s t eh d sp hh iy jh oy n d hh er sp ae n d dh ey ey t l ay k t uw hh ax ng g r iy ch ih l d r ax n
dh ax g r ey ay z f aa l t er d sil dh ax f l ax zh sil d iy p ax n d
dh ax iy m ow zh ax n sil w ih ch zh iy hh ae d s ax p r eh s t sil b er s t f aa r th n aw ih n ax sil ch ow k ih ng s aa b sil
hh iy w ax l f aa l ow ax s s uw n
sil dh ax l ey s w aa z ax v ax sil d eh l ax k ax t sil ay v r iy k aa l er sil f sil ey n t l iy t ih n t ih d w ih dh y eh l ow sil
dh eh r hh ae z b ih n ax sil ch ey n jh sil zh iy ih n t er ax p t ih d hh ih m
hh ih z f ey s w aa z s t r iy m ih ng w ih dh b l ax d sil
sil ay s ax p ow z y uw w ax n d er w ay zh iy ih z sil k ax m ih ng ax p hh iy r
y uw k ax n t ey k ax sil v ey k ey zh ax n aa n p ey sp
sil eh n iy w ey sil n ow w ax n s aa hh er l ay k dh ae t sil
p r aa v ax d ax n s hh ae d sil sp d ih l ih v er d hh ih m th r uw dh ax m ey l s t r ax m sp
d uw y uw n ow dh ae t sp y uw aa r zh ey k ih ng m ay sp k aa n f ax d ax n s ih n y uw sp
iy ch d ey sil zh iy b ih k ey m ax m aa r sil v ay t ax l p aa r t ax v hh ih m
b ax t dh eh r k ey m n ow p r aa m ax s f r ax m dh ax b ow ax v dh ax k ax n uw sp
sil ax b ih g k ae n v ax s t eh n t w ax z dh ax f er s t th ih ng t ax k ax m sil w ih th ih n hh ih z v ih zh ax n
dh ey k l ow z d n aw sil ax n t ih l hh ih z f ih ng g er z w er l ay k k aa r d z ax v s t iy l
sil dh ax p l ae n t er z aa r aa l r eh d iy k ax n s ih d er ih ng dh ax m ae t er sp
f aa r dh ax t w eh n t iy ih th t ay m sil dh ae t iy v sil n ih ng sil dh ax t uw m eh n zh uh k hh ae n z
dh ax s ih ng ih ng v oy s ax p r ow ch t sil r ae p ax d l iy sil
sil hh iy b aa r n ow g r ax jh ih z sp ae n d hh ae d f y uw eh n ax m iy z sp
zh iy ae d ih d sil w ih dh jh eh n y uw w ay n s ih m p ax th iy ih n hh er f ey s ae n d v oy s
dh eh r f aa r s ih z w er aa l sil r eh d iy m uw v ih ng ih n t uw dh ax n aa r th k ax n t r iy sil
sil b ax t dh eh r w ax z aa l s ow t aa k ax v sp w ih ch k r ae f t ih n dh ax v ih l ih jh sp
sil ay w ax z dh iy ow n l iy w ax n hh uw r iy m ey n d s ih t ih ng sil
dh ax m eh n s t eh r d ih n t uw iy ch ax dh er z f ey s sil
dh eh n hh iy s t eh p t b ae k w ih dh ax l ow k r ay ax v p l eh zh er sil
w ih l w iy eh v er f er g eh t ih t
hh er f ey s w aa z ax g eh n s t hh ih z b r eh s t sp
sil zh uh r l iy ay w ax l ih k s k y uw z y uw sil zh iy k r ay d
sil ay aa l s ow ax n d er s t ae n d dh ae t sp s ih m ax l er b r ae n ch aa r g ax n ax z ey zh ax n z hh ae d m ey d sp dh eh r ax p ih r ax n s ih n y uh r ax p sp
sil w ih dh aw t ax d aw t sp s ax m ax v dh eh m hh ae v sp d ih n er eh n g ey jh m ax n t s sp
n ow b aa d iy n y uw hh ih z hh ih s t er iy sp dh ey ax v dh ax sp hh uh n t ax sp l iy s t ax v aa l sp
sil ae n d dh ih s w ax z dh eh r s ow l k aa n v er s ey zh ax n th r uw aw t dh ax m iy l sp
sil hh ih z sil aw t s t r eh ch t aa r m d r aa p t sp t uw hh ih z s ay d sp ae n d hh iy p aa z d sp
hh iy t ow l d hh ih m s eh l f dh ae t ae z hh iy w aa zh t hh ih m s eh l f sp ae n d g r uw m d sp hh ih z d ih zh eh v ax l d k l ow z
p er hh ae p s sil zh iy hh ae d aa r eh d iy m eh t hh er f ey t sil ax l ih t ax l d iy p er ih n dh ax f aa r ax s t
y uw m ax s t s l iy p sil hh iy er jh d
m ay r ay t f uh t f iy l z l ay k dh ae t ax v ax ch ay n iy z d eh b y ax t aa n t
dh ax n ay t g l ow w aa z t r eh ch er ax s sil t ax zh uw t b ay sil
sil iy ch ih m p r uw v m ax n t m ey k s dh ax v ae l y uw ax v eh v r iy th ih ng eh l s sp p ax m p ax p sp
ih t f eh r l iy k l ax b d m iy ih n t uw r eh k ax g n ay z ih ng ih t
hh iy m ey d zh uh r dh ae t dh ax m ae g ax z iy n w aa z l ow d ih d sil ae n d r iy z uw m d hh ih z p ae d ax l ih ng sil
sil hh iy w ax z ax hh eh d zh aa r t er dh ae n hh ih z k ax m p ae n y ax n sil ax v aa l m ow s t d eh l ax k ax t sil f ax z iy k sil
sil dh iy z r uw m er z sp m ey iy v ih n er ih jh ax n ey t w ih dh sil ax s sp
sil ay m p l ey ih ng ax s ih ng g ax l hh ae n d ih n w ax t l uh k s l ay k ax sil l uw z ih ng g ey m
hh aw k uh d sil hh iy ih k s p l ey n hh ih z p ax z eh zh ax n ax v dh ax s k eh ch
sil ae n d n aw p uh t y er s eh l f ih n m ay p l ey s f r er ax m ow m ax n t sp
sil ay k ey m f aa r ih n f er m ey zh ax n sil m aa r aw t ax v k y uh r iy aa s ax t iy dh ae n eh n iy th ih ng eh l s sil
sil dh iy ae d ih d w ey t hh ae d ax sp v ax l aa s ax t iy ax v f ih f t iy n m ay l z p er sp aw er sp
dh ax g er l f ey s t sil hh ih m sil hh er ay z zh ay n ih ng w ih dh s ax d ax n f ih r sil
w iy l hh ae v t ax sil w aa ch aw r ch ae n s ih z
s ow k t sp ih n s iy w aa t er sp dh ey aa f s eh t dh ax hh iy t r ey z sp
sil hh iy hh ae d n ow ih k s k y uw z f aa r dh ax f iy l ih ng z hh w ih ch w er er aw z d ih n hh ih m sil
hh ih z p r iy v iy ax s w ay v z hh ae d sp n eh v er l ih v d l aa ng ih n ax f t ih b eh r hh ih m ch ih l d r ax n
hh iy w eh n t d aw n ih n m ih d s r iy m sil s er ch ih ng dh ax zh ae d ow z ax v b ow th zh aa r z
sil s ax p ow z y uw s aa m iy ae t sil w er k th r uw dh ax w ih n d ow sp
ay n eh v er ax l aw w ax t k ae n t b iy ch ey n jh d t uw ax n oy m iy sp
sil m ay ay d iy ax w aa z dh ae t sp hh iy w uh d sil hh ae v m aa r ih n f l uw ax n s ow v er dh ax n ey t ih v z sp
d eh th hh ae d k ax m w ih dh t eh r ax b ax l s ax d ax n n ax s
sil aw t s ay d er z aa r ax l aw d f ay v m ih n ax t s p iy ch ih z sp dh ax s ih k m ae n er jh d sp
dh ax p r ax m ow t er z ay z w er hh eh v iy sil w ih dh l ih t ax l p ax f iy b ae g z ax n d er dh eh m
sil zh iy hh ae d sil d ay d f r ax m k ow l d ae n d sp s t aa r v ey zh ax n
n aw p l iy z g ih v ax p l ey n s t ey t m ax n t ax v hh w ax t ax k er d sp
sil hh ih z b l ax d g r uw hh aa t sil w ih dh r ey jh sil ae t dh ax th aa t
sil s ih n s dh eh n sil s ax m m ih s t ih r iy ax s f aa r s sil hh ae z b ih n f ay t ih ng ax s ae t sil eh v r iy s t eh p
sil hh iy l uh k t ae t sil dh ax hh ae ng k er ch ih f sil m aa r k l ow s l iy sil
dh ey ey t d ih n er ae t dh ax f ih th sil ae n d r eh s t ih d f aa r t uw aw er z
t uw y ih r z ax g ow sil ay g ey v ax p s ih v ax l ih z ey zh ax n f er dh ih s
hh iy ow b ey d dh ax p r eh zh er ax v sil hh er hh ae n d sp
sil l ow b uh zh w ih p t hh ih m sp ih n dh iy sil f ey s sp ae n d l eh f t sil n ow s t ih ng sp
zh iy w aa z hh ih z n aw sp f er eh v er sp
sil y uw l ih v aa n ax n ih n k ax m sp w ih ch y uh r f aa dh er er sil n d sp
sil ih n p aa r t n er zh ih p w ih dh sp d ey l ay t dh ax p eh r r ey d ih d dh ax s ae n hh ow z ey sp ih n t er er b ax n
sil zh iy w ax z t r ay ih ng t ax p ae s dh ax ey p r ax n s t r ih ng sp er aw n d hh ih m sp
aa sp ay hh ae d f er g aa t ax n sp hh iy ih k s k l ey m d sp
hh aw ow l d aa r y uw sp d ae d iy sp
sil hh ih z ih m ae k y uw l ih t sil ax p ih r ax n s w ax z g aa n sil
sil dh ax r ih g r eh t ih n hh ih z v oy s w ax z p r ow v aa k ax t ih v sp ax v ax s eh k ax n b er s t ax v l ae f t er sp
sil f aa r ax f uh l m ih n ax t sp dh ax t uw m eh n s t eh r d ih n t uw iy ch ax dh er z f ey s sp
t ax m ay s ax p r ay z hh iy b ih g ae n t ax zh ow ae k zh ax l ih n th uw z iy ae z ax m sil ih n m ay f ey v er sil
sil ow n l iy dh ax ch ae n s s aw n d hh ae d l eh d ih m t uw ax b z er v sp dh eh m
ih t ih z dh ax f ay er sil p aa r t l iy zh iy s eh d
ih t w ax z ax sil k y uh r iy ax s k ow ih n s ih d ax n s
f r ax f uh l m ih n ax t sil hh iy k r aw ch t sil ae n d l ih s ax n d
dh eh n y uw k ae n er ey n jh y uh r s eh l f k ax m f er t ax b l iy sil ax m ax ng sil dh iy z r ow b z ih n dh ax b ow sil
zh iy w ax z s l iy p ih ng ax n d er hh ih z p r ax t eh k zh ax n sil ae z s w iy t l iy ae z ax ch ay l d
w ax t w ax z dh ax aa b jh eh k t ax v y aa r l ih t ax l s eh n s ey zh ax n
sil ae n d y uw aa l w ey z w aa n t t ax s iy ih t ih n dh ax s uh p er l ax t ih v sil d ih g r iy
sil dh ax s eh n t s ax v s t r ey n jh v eh jh ax t ey zh ax n b l uw aa f dh ax sp t r aa p ih k sp l ae n d sp
sil ay s ax p ow z y uw p ih k t sil dh ae t l ih ng g ow ax p sil ax m ax ng dh iy ih n d iy ax n z
ay hh ae v t ih b iy k eh r f ax l ax v sp dh eh m sp ae z dh ey t eh r sp v eh r iy iy z ax l iy sp
sil ax k aa m b ax n ey zh ax n ax v k ax n ey d iy ax n k ae p ax t ax l sil k w ih k sil l iy aa r g ax n ay z d sil ae n d p ax t ih zh ax n d f aa r dh ax s ey m sil p r ih v l ih jh ih z
ax t r ih k ax l ax v f r eh zh b l ax d r ae n ow v er sil hh ih z f ey s sil
sil ih n ih t dh eh r w ax z s ax m th ih ng sil dh ae t w aa z aa l m ow s t t r ae jh ax d iy sp
dh ey aa r k ax m ih ng sil ax zh aa r sp hh uw eh v er dh ey aa r
sil ih t w ax z ax l aa r jh sp k ax n uw sp
sil g aa d sil b l eh s sil eh m sp ay hh ow p ay l g ow aa n s iy ih ng sil sp dh eh m sp f er eh v er sp
sil ih f y uw sp ow n l iy k uh d n ow hh aw sp ay th ae ng k y uw sp
dh ax f aa r th ae n d f ih th sp d ey z p ae s t sil sp w ih dh aw t eh n iy d ih v eh l ax p m ax n t s
sil dh eh r w ax z n ax th ih ng sil aa n dh ax r aa k sp
sil dh eh r w er sp aa r ax n jh g r iy n g ow l d sp g r iy n ae n d ey k aa p er g r iy n
sil dh ey r ae n dh iy k ax n uw sp ih n ae n d k l ay m d dh iy hh ay sp er th b ae ng k sp
sil v ay l ax n t l ay f ae n d ae th l eh t ih k s p aa r t s hh ae d n eh v er ax p iy l d t ih m iy sp
sil ay hh ae d f ey th ih n dh eh m sp
hh iy ch ax k ax l d sp ae z hh iy p uh l d sp aw t hh ih z p ay p ae n d b iy g ae n sp f ih l ih ng sil ih t sp
hh iy w ax z w uw n d ih d ih n dh ax aa r m sp
sil ow n l iy ih t ih z s ow w ax n d er f ax l s ow aa l m ow s t sp ih m p aa s ax b ax l t uw b ih l iy v sp
sil ay w ax z ax b aw t t uw d uw dh ih s sp w ih n k uw l er jh ax jh m ax n t sp p r ih v ey l d sp
ih t w ax z ax t eh m t ey zh ax n sp b ax t hh iy r ih z ih s t ih d ih t sp
sil zh ae l ay k eh r iy y uw sp
ih t ax k er d t uw m iy dh ae t dh eh r w uh d hh ae v sp t ih b iy sp ae n ax k aw n t ih ng sil sp
ih t w aa z m ay r ih p aa r t s f r ax m dh ax n aa r th sp hh w ih ch sp ch iy f l iy sp ih n d uw s t sp p iy p ax l t uw b ay sp
k l ax b z ae n d b aa l z ae n d s ih t iy z sp g r uw t ax b iy ow n l iy sp m eh m er iy z sp
sil r aa b er iy sp b r ay b er iy sp f r aa d sp
aa l s ow ch er ch ih z ae n d p r iy ch er z ay hh ae d n eh v er n ow n
sil dh ey s aa iy ch sp ax dh er f r er dh ax f er s t t ay m ih n b aa s t ax n
sil w iy hh uw hh ae v sp ih n d uh r d s ow m ax ch zh uh r l iy sp k ae n ih n d uh r sp ax l ih t ax l m aa r
sil ih f ay eh v er n iy d ih d ax f ay t er ih n m ay l ay f sp ay n iy d w ax n n aw sp
sil dh eh n sp ae n d sp ae t s ax p er sp hh iy t r ay d t ax sp sil sil f ae dh ax m sp hh er sp
sil y uw sp y uw w uh d n aa t k iy p dh ax t r uw th f r ax m m iy sp
dh ax zh ih p zh uh d b iy sp ih n w ih dh ih n ax w iy k aa r t eh n d ey z sp
sil dh ax s t uw er d sp hh ae z jh ax s t t eh n d er d m iy ey r ih s p eh k t f ax l sp b ih t ax v sp ae d v ay s sp
sil m iy n w ay l ay l g ow sp aw t sp t uw b r iy dh ax s p eh l
sil g ae d sp y uh r l eh t er sp k ey m jh ax s t ih n t ay m sp
w ax z ih t sp dh ax r aa n d ih v uw ax v dh ow z hh uw w er s t r ay v ih ng t uw w er k hh ih z r uw ax n sp
hh w ax t ih f zh iy d ih d n aa t k ax m t ax dh ax r aa k sp
hh iy m uw v d ax w ey sp ae z k w ay ax t l iy ae z hh iy hh ae d sp k ax m sp
sil s ax d ax n l iy hh ih z f ih ng g er z k l ow z d t ay t l iy ow v er dh iy hh ae ng k er ch ih f sp
sil dh ey d uw n aa t sp n ow dh ax l eh ng k th ax v t ay m sp ax v sp ih ng k y uw b ey zh ax n
sil dh ey w er th r iy hh ax n d r ih d y aa r d z ax p aa r t sp
sil ax b aw t hh ih m eh v r iy w eh r w er dh iy eh v ax d ax n s ax z ax v sp l ax g zh er iy sp ae n d ax v sp ey jh sp
sil dh eh r w ax z ax ch ey n jh n aw sp
hh iy w ax z d ih t er m ax n d n aw t uw m ey n t ey n ax m aa r s er t ax n hh ow l d sp ax p aa n hh ih m s eh l f
sil eh n iy ae v er jh y ax ng sil f eh l ow sp k ae n t iy ch hh ih m s eh l f ih n ax w iy k sp
sil hh iy hh ae d sp b eh r l iy eh n t er d dh ih s sp w ih n hh iy s aa dh ax g l ow sp ax v sp ax sp f ay r sp
sil ay f aa l ow d dh ax l ay n ax v dh ax p r ax p ow z d sp r ey l r ow d sp l uh k ih ng sil f aa r ch ae n s ih z sp
k l ow s b iy s ay d hh ih m g l iy m d dh ax w ay t f ae ng z ax v dh ax w uh l f sp d aa g sp
sil ax l ih t ax l t r iy t m ax n t sp m ax s aa zh sp w ih th s ax m hh eh l p f r ax m dh ax d aa k t er sp
sil hh ih z r iy w aa r d zh uh d hh ae v b ih n p iy s ae n d r iy p ow z sp
hh aa r d l iy sp w er aw er p l ae n z m ey d p ax b l ih k b iy f aa r w iy w er m eh t b ay p aw er f ax l aa p ax z ih zh ax n sp
y eh s ih t w ax z ax m ae n hh uw ae s t sp ax s t r ey n jh er sp
sil ae z ay s ey sp hh iy hh ae d sp t ae p t dh ax m eh s ih jh sil v eh r iy r ae p ax d l iy sp
sil dh ih s w ax n hh ow p sp w ax z d ih s t r oy d ae z k w ih k l iy ae z sp ih t w aa z b aa r n sp
n aa t t ih l dh ax t w eh n iy ax th ax v m ey sp d ih d dh ax r ih v er b r ey k sp
sil ae n d hh iy w ax z f ih l d w ih dh ax s t r ey n jh sp ae n d f aa r b ow d ih ng f ih r sp
sil zh iy t er n d ih n ae t dh ax hh ow t eh l
sil ey m ae d ax n ih ng sil jh oy p aw n d ih d sp ih n hh ih z b r ey n sp
sil v eh r iy f y uw p iy p ax l sp n y uw ax v dh iy ih g z ih s t ax n s ax v dh ih s l aa sp
hh w ax t ae n sp ih k s ay t ih d sp hh w ih s p er ih ng sil ae n d k ax n f er ih ng sp t uh k p l ey s sp
hh iy w ey d ih d ih n t uw dh ax eh jh ax v dh ax w aa t er ae n d b iy g ae n s k r ax b ih ng sil hh ih m s eh l f sp
sil ih n s t eh d hh iy jh oy n d hh er ae n d dh ey ey t l ay k t uw hh ax ng g r iy ch ih l d r ax n sp
sil dh ax g r ey ay z sp f aa l t er d sp dh ax f l ax zh sp d iy p ax n d sp
sil dh iy iy m ow zh ax n sp hh w ih ch zh iy hh ae d s ax p r eh s t sil sp b er s t f aa r th n aw sp ih n sp ey ch ow k ih ng sp s aa b sp
sil dh ax hh ih s t r iy ax v sp aw r w eh s t w er d f eh r iy ng sil r ey s ih z r ih t ax n ih n ih t sp
sil n eh v er s ow s t r ey n jh ax p r aa f ax t sp k ey m ax p sp t ih jh sil er uw s ax l ax m
hh iy w ih l f aa l ow ax s s uw n sp
sil dh ax l ey s w ax z ax v sp ax d eh l ax k ax t ay v er iy k ax l er sp f ey n t l iy sp t ih n t ih d w ih dh y eh l ow sp
sil dh eh r hh ae z b ih n ax ch ey n jh sp zh iy sp ih n t er ax p t ih d hh ih m sp
hh ih z f ey s w ax z s t r iy m ih ng w ih th sp b l ax d sp
sil ay s ax p ow z y uw w ax n d er w ay zh iy ih z k ax m ih ng sil sp ax p hh iy r
eh n iy w ey sp n ow w ax n s aa hh er l ay k sp dh ae t sp
p r aa v ax d ax n s hh ae d sp d ih l ih v er d hh ih m th r uw dh ax m ey l s t r ax m sp
d uw y uw n ow dh ae t y uw aa r zh ey k ih ng m ay k aa n f ax d ax n s ih n y uw sp
sil iy ch d ey zh iy b iy k ey m ax m aa r sp v ay t ax l p aa r t ax v hh ih m sp
sil hh iy m ey d ih z ay er t ih ih s k ey p sp p ey n sp aa r t ih ih n jh oy p l eh zh er sp
sil b ax t dh eh r k ey m n ow p r aa m ax s f r ax m dh ax b ow ax v dh iy k ax n uw sp
sil ax b ih g k ae n v ax s t eh n t sp w ax z dh ax f er s t th ih ng t ih k ax m sp w ih dh ih n hh ih z v ih zh ax n sp
dh ey k l ow z d n aw ax n t ih l hh ih z f ih ng g er z w er l ay k sp k aa r d z ax v s t iy l
y uw r jh ow k ih ng m iy sp s er sp dh iy sp ax dh er m ae n ih jh d t ax aa r t ih k y ax l ey t sp
sil f aa r dh ax t w eh n iy ax th sp t ay m dh ae t iy v n ih ng sil dh ax t uw m eh n zh uh k hh ae n d z
dh ax s ih ng sil ih ng v oy s ax p r ow ch t r ae p ax d l iy sp
sil zh iy ae d ih d sp w ih dh sil jh eh n y uw w ay n s ih m p ax th iy ih n hh er f ey s ae n d v oy s sp
dh eh r f aa r s ih z w er aa r eh d iy m uw v ih ng sil ih n t uw dh ax n aa r th k ax n t r iy sp
sil b ax t sp dh eh r w ax z aa l s ow t aa k sp ax v sp w ih ch k r ae f t ih n dh ax v ih l ih jh sp
sil ay w ax z dh iy ow n l iy w ax n hh uw r iy m ey n d s ih t ih ng sil sp
sil dh ax m eh n s t eh r d ih n t uw iy ch ax dh er z f ey s sp
sil dh eh n hh iy s t eh p t b ae k w ih dh ax l ow k r ay ax v p l eh zh er sp
sil w ax l w iy eh v er f aa r g eh t ih t sp
hh er f ey s w ax z ax g ey n s t hh ih z b r eh s t sp
sil b ay v er ch uw ax v dh ae t p aw er w iy zh ae l r ih m ey n ih n p aw er sp
sil zh uh r l iy ay w ax l ih k s sil k y uw z y uw sp zh iy k r ay d sp
hh iy t ow l d hh ih m s eh l f dh ae t ae z hh iy w aa zh t hh ih m s eh l f ae n d g r uw m d hh ih z d ih zh eh v ax l d k l ow sil z sp
sil w iy g aa t f y uw v eh jh t ax b ax l z ae n d f r uw t s sil ae n d b iy k ey m sp f ih zh sp iy t er z sp
p er hh ae p s zh iy hh ae d aa r eh d iy m eh t hh er f ey t sp ax l ih t ax l d iy p er sp ih n dh ax f aa r ih s t sp
y uw m ax s t sil s l iy p hh iy er jh d sp
sil m ay r ay t f uh t sp f iy l z l ay k sp dh ae t ax v ax ch ay n iy z d eh b y ax sil t aa n t sp
sil ih t w uh d hh eh l p t ih t ay d m iy sp ax l aa ng sil sp ax n t ih l sp ay g aa t s t eh d iy sp ih m p l oy m ax n t sp
sil hh iy d ih d n aa t n ow w ax t w eh n t sp aa n sp ih n dh ax m ay n d z ax v sp hh ih z s uw p ih r iy er z sp
sil dh ax n ay t sp g l ow w ax z sp t r eh ch er ax s sp t uw zh uw t b ay sp
ih t f eh r l iy k l ax b d m iy ih n t uw r eh k ax g n ay z ih ng ih t sp
hh iy m ey d zh uh r dh ae t sp dh iy m ae g ax z iy n w aa z l ow d ih d sp ae n d r ih z sil uw m d hh ih z p ae d ax l ih ng sil sp
b l ax d w ax z sp uw z ih ng sil s l ow l iy f r ax m dh iy w uw n d ih d m ae n z r ay t sp b r eh s t sp
hh iy w ax z ax hh eh d zh aa r t er dh ae n hh ih z k ax m p ae n y ax n sp ax v sp aa l m ow s t sp d eh l ax k ax t sil sp f ax z iy k sp
sil zh iy ow b ey d sp zh r ih ng k ih ng sil b ae k w ih dh dh ax b ey b iy ih n hh er sp aa r m z sp
sil ay m p l ey ih ng sil ey s ih ng g ax l hh ae n d sp ih n w ax t l uh k s l ay k sp ax l uw z ih ng g ey m sp
sil dh iy z k w ih k l ih t ax l jh oy z ax v hh er z w er s aa r s ax z ax v jh oy t ih hh ih m
hh aw k uh d hh iy ih k s sil p l ey n hh ih z p ax z eh zh ax n sp ax v dh ax s k eh ch sp
sil f r ax m m ay er l iy ax s t r eh k ax l eh k zh ax n sp m ay s l iy p w ax z ax p ih r iy ax d sp ax v sp t eh r er sp
sil ay k ey m f r er ih n f er m ey zh ax n m aa r aw t sp ax v k y uh r iy aa s ax t iy dh ae n sp eh n iy th ih ng sp eh l s sp
sil dh iy g er l f ey s t hh ih m sp hh er ay z sp zh ay n ih ng w ih th s ax d ax n f ih r
sil aa sp w iy w er v eh r iy k l ow s t ax g eh dh er sp ih n dh ae t m ow m ax n t sp
sil w ih l hh ae v t ax w aa ch aw er ch ae n s ih z sp
hh iy hh ae d n ow ih k s sil k y uw z f r er dh ax f iy l ih ng z w ih ch w er er aw z d ih n hh ih m sp
hh iy w eh n t d aw n ih n sp m ih d s t r iy m sp s er ch ih ng sil dh ax zh ae d ow z ax v sp b ow th zh aa r z sp
sil d eh th hh ae d k ax m w ih th t eh r ax b ax l sp s ax d ax n n ax s sp
sil dh ax p r ax m ow t er z ay z w er hh eh v iy sp w ih dh l ih t ax l p ax f iy b ae g z ax n d er dh eh m sp
hh iy l ih f t ih d hh ih z ay z sp ae n d ax s t r ey n jh k r ay sp b er s t f r ax m hh ih z l ih p s
sil zh iy hh ae d d ay d sil sp f r ax m k ow l d sp ae n d s t aa r v ey zh ax n
hh ih z b l ax d g r uw hh aa t sp w ih dh r ey jh sp ae t dh ax th aa t sp
sil dh ey l uh k ae z dh ow hh iy hh ae d b ih n sp d r ax m ih ng sil ax p iy ae n ow sp aa l hh ih z l ay f sp
sil s ih n s dh eh n sp s ax m m ih s t ih r iy ax s f aa r s hh ae z b ih n f ay t ih ng sil sp ax s ae t sp eh v r iy s t eh p
hh iy l uh k t sp ae t dh iy hh ae ng k er ch iy f m aa r k l ow s l iy sp
dh ey ey t d ih n er ae t dh ax sp f ih f th sp ae n d r eh s t ax d f aa r t uw aw er z sp
sil hh iy ih z ey k ae n d ax d ey t sp r ay z ih ng sp f r ax m dh iy s er f sp k l ae s t uw aa r k l ae s sp
t uw y er z ax g ow sp ay g ey v sp ax p sp s ih v ax l ih z ey zh ax n f aa r dh ih s sp
hh iy ow b ey d sp dh ax p r eh zh er ax v hh er hh ae n d sp
sil zh iy w ax z hh ih z n aw sp f er sil eh v er sp
sil ih t ih z sp ey v eh r iy t eh n ax b ax l hh ay p aa th ax s ax s sp ae n d w ax l b eh r l uh k ih ng ih n t uw sp
sil ae t dh ax b eh s t sp dh ey w er n eh s ax s eh r iy ae k s eh s er iy z sp
hh aw ow l d aa r y uw d ae d iy sp
sil hh uw dh ax d eh v ax l g ey v ih t t uw y uw t uw b iy sp jh ax jh sp ae n d jh uh r iy sp
hh ih z sp ih m ae k y uw l ih t sp ax p ih r ax n s w ax z g aa n sp
sil f aa r ax f uh l m ih n ax t sp dh ax t uw m eh n sp s t eh r d sp ih n t uw iy ch sp ax dh er z f ey s sp
t uw m ay s er p r ay z sp hh iy b iy g ae n t ih zh ow ae k ch ax w ax l ih n th uw z iy ae z ax m sp ih n m ay f ey v er sp
ow n l iy dh iy ch ae n s s aw n d hh ae d l eh d hh ih m t uw ax b z er v dh eh m sp
ih t ih z dh ax f ay er sp p aa r t l iy sp zh iy s eh d sp
ih t w ax z ax k y uh r iy ax s k ow ih n s ih d ax n s
f aa r ax f uh l m ih n ax t sp hh iy k r aw ch t sp ax n d l ih s ax n d sp
sil ae f t er aa l ih t w ax z s ih m p l iy ey m ih s t ey k ih n jh ax jh m ax n t sp
sil dh eh n sp y uw k ae n er ey n jh y er s eh l f k ax m f er t ax b l iy sp ax m ax ng sil dh iy z r ow b z sp ih n dh ax b ow sp
sil b iy s ay d z sil sp hh iy w ax z p ey d w ax n k ey s ax v t ax b ae k ow p er hh eh d sp
sil zh iy w ax z s l iy p ih ng sil ax n d er hh ih z p r ax t eh k zh ax n sp ae z s w iy t l iy eh z ax ch ay l d sp
sil dh ax s hh iy t er n d dh ax t eh n ax t s ae n d jh aa r g ax n ax v s ay k aa l ax jh iy b ae k aa n m iy sp
hh w ax t w ax z dh iy aa b jh eh k t ax v y uh r l ih t ax l s eh n s ey zh ax n sp
sil ae n d y uw aa l w iy z w aa n t t ih s iy ih t sp ih n dh iy sp s uh p er l ax t ih v sp d ih g r iy sp
sil dh ax s eh n t s ax v s t r ey n jh sp v eh jh ax t ey zh ax n sp b l uw aa f sp dh iy t r aa p ih k sp l ae n d sp
sil ay l t eh l y uw sp dh iy l ay b r eh r iy ax n s eh d sp w ih dh sp ax sp b r ay t ax n ih ng f ey s sp
sil ay s ax p ow z y uw p ih k t dh ae t l ih ng g ow ax p sp ax m ax ng sil dh iy ih n d iy ax n z sp
sil ey k aa m b ax n ey zh ax n ax v k ax n ey d iy ax n k ae p ih t ax l k w ih k l iy aa r g ax n ay z d sp ae n d p ax t ih zh ax n d f aa r dh ax s ey m p r ih v ih l ax jh ax z sp
sil ax t r ih k ax l ax v f r eh zh b l ax d sp r ae n ow v er hh ih z f ey s sp
sil dh ax l ay f dh eh r w ax z hh eh l th f ax l ae n d sp ae th l eh t ih k b ax t t uw jh uw v ax n ay l
sil w uh d y uw b iy s ae t ax s f ay d w ih dh dh ae t hh w ax n hh ax n d r ax d th sp p aa r t ax v m iy sp
sil w iy aa r k uh k ih ng sil aa n dh ax k ow l s t ow v sp ae n d aa n dh ax oy l b er n er z sp
sil dh ax t eh m p er ax ch er d r aa p t sp t uw f ih f t iy b iy sp l ow z iy r ow ae n d r ih m ey n d sp dh eh r dh ax hh ow l sp t r ih p sp
sil ih t w aa z sp ax l aa r jh sp k ax n uw sp
sil g aa d sp b l eh s sil ax m sp ay hh ow p sp ay w ih l sp g ow aa n sp s iy ih ng dh ax m f er eh v er sp
sil dh ey sp eh jh d sp n ih r er sil ae n d s t uh d sp zh ow l d er t ax zh ow l d er f ey s ih ng dh eh r w er l d sp
sil dh eh r w aa z n ax th ih ng f aa r ax s sp b ax t sp dh ax w ay d sil r aa sp ow zh ax n sp
sil ih f sp y uw sp ow n l iy k uh d sp n ow sp hh aw ay th ae ng k y uw sp
sil eh v r iy sp b ow n sp ih n hh er sp ey jh d sp b aa d iy sp s iy m d b r ow k ax n sp aa r sp d ih s l ow k ey t ih d sp
sil dh ax f aa r th ae n d f ih f th sp d ey z p ae s t sp w ih th aw t eh n iy d ih v eh l ax p m ax n t s sp
sil dh eh r w aa z n ax th ih ng aa n dh ax r aa k sp
sil dh eh r w er aa r ax n jh g r iy n sil sp g ow l d g r iy n sil ae n d ax k aa p er g r iy n sp
sil ih n dh ae t sp k ey s hh iy k uh d n aa t m ih s sp dh eh m sp ih f hh iy y uw z d sp k aa zh ax n sp
sil ay hh ae d f ey th sp ih n dh eh m sp
sil ay er ow z sp ow b iy d iy ax n t l iy sp ae n d w eh n t d aw n dh ax b iy ch sp
sil hh iy w aa z w uw n d ax d sp ih n dh iy aa r m sp
sil ow n l iy sp ih t sp ih z s ow w ax n d er f ax l sp s ow aa l sil m ow s t ih m p aa s ax b ax l t ih b ih l iy v sp
sil ay w aa z sp ax b aw t t ih d uw dh ih s sp w ih n k uw l er jh ax jh m ax n t p r iy v ey l d sp
sil ih t sp w ax z ax t eh m t ey zh ax n b ax t sp hh iy r iy z ih s t ax d sp ih t sp
sil ay w ax z s t ih l sp w iy k sil f r ax m m ay p r ax l aa ng d sp ih m er zh ax n sp
sil zh ae l ay k eh r iy y uw sp
sil ax hh ae f sp ax sp k ey s sp ax v sp t ax b ae k ow w aa z sp w er th sp th r iy sp p aw n d z sp
sil ih t sp ax k er sil sil d sp t uw m iy dh ae t sp dh eh r w uh d hh ae v t ih b iy ax n ax k aw n t ih ng sp
sil ih t sp w aa z m ay r iy p aa r t s sp f r ax m dh ax n aa r th sp w ih ch sp ch iy f l iy sp ih n d uw s t sp p iy p ax l t uw b ay sp
sil k l ax b z sp ae n d b aa l z sp ae n d s ih t iy z sp g r uw t ih b iy ow n l iy m eh m er iy z
sil r aa b er iy sp b r ay b er iy sp f r aa d sp
sil ih f sp ay eh v er n iy d ax d sp ax f ay t er sp ih n m ay l ay f sp ay n iy d w ax n n aw sp
sil dh eh n sp ae n d sp ae t s ax p er sp hh iy t r ay d t uw f ae dh ax m hh er sp
sil y uw sp y uw w uh d sp n aa t k iy p sp dh ax t r uw th f r ax m m iy sp
sil dh ax zh ih p sp zh uh d b iy ih n w ih th ih n ax w iy k sp aa r t eh n d ey z
sil m iy n w ay l sp ay l g ow aw t t ax sp b r iy dh sp ax s p eh l sp
sil g ae d sp y uh r l eh t er k ey m jh ax s t ih n t ay m sp
sil w ax z ih t dh ax r aa n d ih v uw sil sp ax v sp dh ow z hh uw w er sp s t r ay v ih ng sp t uw w er k sp hh ih z sil r uw ih n sp
sil w ax t ih f zh iy d ih d n aa t k ax m t uw dh ax r aa k sp
sil w iy w uh d n aa t s p eh n d ax n ax dh er s ax ch sp n ay t sp
hh iy m uw v d sp ax w ey sp ae z k w ay ax t l iy ae z sp hh iy hh ae d sp k ax m sp
sil s ax d ax n l iy hh ih z f ih ng g er z sp k l ow z d sp t ay t l iy sp ow v er dh ax hh ae ng k er ch ih f sp
hh iy p uh l d sp ae n d dh ax l aa g k r ae zh t sp d aw n sp t ih sil sil b r ey k hh ih z b ae k sp
sil dh ax b uh ch er z sp ae n d m iy t sp k ax t er z sp r ih f y uw z d sp t uw hh ae n d ax l m iy t sp d eh s t ih n d sp f aa r sp ax n f eh r r eh s t r aa n t s sp
sil dh ey w er th r iy hh ax n d r ax d sp y aa r d z sp ax p aa r t sp
sil ax b aw t hh ih m sp eh v r iy w eh r sp w er dh ax eh v ax d ax n s ax z sp ax v sp l ax g zh er iy sp ae n d ax v sp ey jh sp
sil dh eh r w aa z ax ch ey n jh sp n aw sp
hh ih z s l ih m hh ae n z sp g r ih p t sp dh iy eh jh ax z sp ax v dh ax sp t ey b ax l
hh iy w aa z d ih t er m ax n d sp n aw t uw m ey n t ey n ax m aa r s er t ax n hh ow l d sp ax p aa n hh ih m s eh l f sp
sil dh eh r w aa z p r aa p er d ih v ih zh ax n ax v sp l ey b er sp ih n dh ax w er k sp dh ey ih n d ih v ih jh uw ax l iy p er f aa r m d sp
hh iy hh ae d sp b eh r l iy sp eh n t er d sp dh ih s sp w ih n hh iy s aa dh ax sp g l ow sp ax v sp ax f ay r sp
hh iy hh ae d sp p iy l d aa f hh ih z zh er t sp ae n d w aa z w ay l d l iy w ey v ih ng ih t sp
sil ay f aa l ow d dh ax l ay n ax v dh ax sp p r ax p ow z d sp r ey l r ow d sp l uh k ih ng f aa r ch ae n s ax z sp
sil w iy hh ae v sp p l eh n t iy ax v sp k ae p ih t ax l aa r s eh l v z sp ae n d y eh t w iy sp w aa n t sp m aa r sp
sil k l ow s b iy s ay d hh ih m sp g l iy m d sp dh ax w ay t f ae ng z sp ax v dh ax w uh l f d aa g sp
hh aa r d l iy w er sp aw r p l ae n z sp m ey d sp p ax b l ih k sp b ax f aa r w iy w er m eh t sp b ay p aw er f ax l aa p ax z ih zh ax n sp
sil y eh s sp ih t w aa z ax m ae n hh uw ae s t sp ax sp s t r ey n jh er sp
dh ax v eh r iy ay d iy ax ax v ih t w aa z p r ih p aa s t er ax s
sil ih t sp w aa z n aa t ax l aa r jh sp l ey k sp ae n d aa l sil m ow s t sp r aw n d sp
sil dh ae t s w ay sp ih t s b aw n d er iy z sp aa r sp aa l sil g aw jh d sp ae n d sp jh ae sil g d sp
sil dh ih s w ax n hh ow p w ax z d ih s t r oy d sp ae z sp k w ih k l iy ae z ih t w aa z b aa r n sp
sil zh iy sp t er n d sp ih n sp ae t dh iy hh ow t eh l
sil ax m ae d ax n ih ng sp jh oy sp p aw n d ih d sp ih n hh ih z sp b r ey n sp
sil hh iy l uh k t l ay k w ax n hh uw hh ae d sp p ae s t th r uw sp ax n sp ax n k ax m f er t ax b ax l sp aw r aa r t uw sp
sil v eh r iy f y uw p iy p ax l n uw sil ax v sp dh iy ih g z ih s t ax n s ax v sp dh ih s l aa sil
hh iy w ey d ih d sp ih n t uw dh iy eh jh sp ax v dh ax w aa t er sp ae n d b iy g ae n s k r ax b ih ng hh ih m s eh l f sp
sil dh ae t sp ih z sp w ax t sp d ih s t ih ng g w ih zh ih z sp aa l ax v sp ax s f r ax m dh ax l ow er sp ae n ax m ax l z sp
sil ih n s t eh d sp hh iy jh oy n d sp hh er sp ae n d dh ey sp ey t l ay k sp t uw hh ax ng g r iy sp ch ih l d r ax n sp
sil dh ey m ax s t hh ae v b ih n s w eh p t ax w ey b ay sp dh ax k ey aa t ih k sp k er ax n t s sp
sil dh ax g r ey ay z sp f aa l t er d sp dh ax f l ax zh sp d iy p ax n d sp
sil dh iy ih m ow zh ax n w ih ch zh iy hh ae d s ax p r eh s t sp b er s t sp f aa r th sp n aw sp ih n ax sp ch ow k ih ng s aa b sp
hh iy w ih l f aa l ow ax s s uw n sp
sil dh ax l ey s w aa z ax v sp ax d eh l ax k ax t sp ay v er iy k ax l er sp f ey n t l iy sp t ih n t ih d sp w ih th sp y eh l ow sp
sil dh eh r hh ae z b ih n ax ch ey n jh sp zh iy ih n t er ax p t ih d sp hh ih m sp
hh ih z f ey s w ax z s t r iy m ih ng w ih th sp b l ax d sp
sil ay s ax p ow z sil sil y uw w ax n d er w ay sp zh iy ih z k ax m ih ng ax p hh iy r sp
sil eh n iy w ey sp n ow w ax n s aa hh er l ay k dh ae t sp
sil p r aa v ax d ax n s hh ae d sp d ih l ih v er d sp hh ih m th r uw sp dh ax sp m ey l s t r ax m sp
sil d uw y uw n ow sp dh ae t sp y uw aa r zh ey k ih ng m ay k aa n f ax d ax n s ih n y uw sp
sil iy ch sp d ey zh iy b iy k ey m ax m aa r v ay t ax l sp p aa r t ax v sp hh ih m
sil b ax t dh eh r k ey m n ow p r aa m ax s sp f r ax m dh ax b ow sp ax v dh ax k ax n uw
sil ax b ih g sp k ae n v ax s sp t eh n t sp w aa z sp dh ax f er s t th ih ng t uw k ax m sp w ih th ih n hh ih z v ih zh ax n sp
sil dh ey k l ow z d sp n aw sp ax n t ih l hh ih z f ih ng g er z w er sp l ay k k aa r d z sp ax v sp s t iy l sp
sil f aa r dh ax t w eh n t iy ax th t ay m sp dh ae t iy v sil n ih ng sp dh ax t uw m eh n zh uh k hh ae n d z
sil dh ax s ih ng ih ng v oy s sp ax p r ow ch t sp r ae p ax d l iy sp
sil zh iy ae d ax d sp w ih th sp jh eh n y ax w ax n sp s ih m p ax th iy sp ih n hh er f ey s ae n d v oy s
sil dh eh r f aa r s ih z sp w er sp aa r eh d iy m uw v ih ng ih n t uw dh ax n aa r th k ax n t r iy sp
sil b ax t sp dh eh r w aa z aa l s ow t aa k sil sp ax v sp w ih ch k r ae f t sp ih n dh ax v ih l ih jh sp
sil ay w aa z dh iy ow n l iy w ax n hh uw r iy m ey n d sp s ih t ih ng sp
sil dh ax m eh n s t eh r d sp ih n t uw sp iy ch sp ax dh er z f ey s sp
sil b iy aa n d r ih f y uw z ih ng t uw s eh l ax s sp f uw d sp dh ey l eh f t sp ax s sp t uw aa r s eh l v z sp
sil dh eh n hh iy s t eh p t sp b ae k sp w ih th sp ax l ow k r ay ax v sp p l eh zh er sp
sil w ih l w iy sp eh v er f aa r g eh t sp ih t sp
hh er f ey s w aa z ax g eh n s t hh ih z b r eh s t sp
sil zh uh r l iy sp ay w ih l ih k s k y uw z y uw sp zh iy k r ay d sp
sil ay aa l s ow ax n d er s t ae n d dh ae t s ih m ax l er b r ae n ch sp aa r g ax n ax z ey zh ax n z hh ae v sp m ey d sil sp dh eh r sp ax sil p ih r ax n s ih n y uh r ax p sp
sil w ih dh aw t ax d aw t sp s ax m ax v sp dh ax m hh ae v d ih n er eh n g ey jh m ax n t s
sil n ow b ax d iy n uw sp hh ih z hh ih s t er sil iy sp dh ey ax v sp dh ax sp hh uh n t ax l iy s t sp ax v sp aa l sp
sil ae n d dh ih s w aa z dh eh r s ow l sp k aa n v er s ey zh ax n sp th r uw aw t sp dh ax m iy l sp
sil hh ih z sp aw t s t r eh ch t sp aa r m sp d r aa p t sp t uw hh ih z s ay d sp ae n d hh iy sil p aa z d
sil hh iy t ow l d hh ih m s eh l f dh ae t ae z sp hh iy w aa zh t sp hh ih m s eh l f ae n d g r uw m d sp hh ih z sp d ih zh eh v ax l d k l ow dh z
p er hh ae p s sp zh iy hh ae d sp aa l r eh d iy m eh t hh er f ey t sp ax sil l ih t ax l d iy p er ih n dh ax f aa r ax s t sp
sil y uw m ax s t s l iy p sp hh iy er jh d sp
sil m ay r ay t f uh t f iy l z l ay k sp dh ae t sp ax v sp ax ch ay n iy z sp d eh b y ax t aa n t sp
sil dh ax n ay t g l ow sp w aa z sp t r eh ch er ax s sp t uw zh uw t b ay sp
sil iy ch sp ih m p r uw v m ax n t m ey k s sp dh ax v ae l y uw sp ax v sp eh v r iy th ih ng eh l s p ax m p ax p sp
sil ih t f eh r l iy k l ax b d sil sp m iy sp ih n t uw r eh k ax g n ay z ih ng ih t sp
sil hh iy m ey d zh uh r dh ae t sp dh ax m ae g ax z iy n w aa z l ow d ax d sp ae n d r iy z uw m d sp hh ih z sp p ae d ax l ih ng sp
sil hh iy w aa z ax hh eh d zh aa r t er dh ae n hh ih z k ax m p ae n y ax n sp ax v sp aa l m ow s t d eh l ax k ax t f ax z iy k sp
sil ay m p l ey ih ng sp ax s ih ng g ax l hh ae n d sp ih n w ax t sp l uh k s l ay k sp ax l uw z ih ng g ey m sp
sil hh aw k uh d hh iy ih k s p l ey n sp hh ih z sp p ax z eh zh ax n ax v sp dh ax sp s k eh ch sp
sil ay k ey m f aa r ih n f aa r m ey zh ax n m aa r sp aw t ax v k y uh r iy aa s ax t iy dh ae n eh n iy th ih ng eh l s sp
sil dh ax g er l f ey s t sp hh ih m sp hh er ay z zh ay n ih ng w ih th s ax d ax n f ih r sp
hh iy hh ae d f uh l f ih l d sp hh ih z d uw t iy ae n d p ey d p r aa p er l iy sp
sil w iy l hh ae v t uw w aa ch sp aw r ch ae n s ax z
sil hh iy hh ae d sp n ow ih k s k y uw s f aa r dh ax f iy sil l ih ng z sp hh w ih ch w er er aw z d sp ih n hh ih m sp
hh ih z sp p r iy v iy ax s w ay v z sp hh ae d sp n eh v er l ih v d l aa ng sp ih n ax f sp t uw sp b eh r hh ih m ch ih l d r ax n sp
hh iy w eh n t d aw n sp ih n m ih d s t r iy m sp s er ch ih ng sp dh ax zh ae d ow z sp ax v sp b ow th sp zh aa r z sp
sil m ay ay d iy ax w aa z sp dh ae t hh iy w uh d hh ae v sp m aa r ih n f l uw ax n s ow v er dh ax n ey t ih v z sp
sil d eh th hh ae d k ax m w ih th t eh r ax b ax l s ax d ax n n ax s sp
aw t s ay d er z aa r ax l aw d f ay v m ih n ax t s p iy ch ih z sp dh iy s ih k sil m ae n er jh d sp
sil dh ax p r ax m ow t er z ay z sp w er hh eh v iy w ih dh sp l ih t ax l p ax f iy sp b ae g z sp ax n d er dh ax m
k r ih k ax t s b iy g ae n t ih ch er p sp ae n d m aa r sp g iy s sp ae n d d ax k s sp f l uw ow v er hh eh d sp
sil dh ax t ae s k w iy s eh t sp aw er s eh l v z w aa z sil th r iy sil f ow l d sp
sil zh iy hh ae d sp d ay d sp f r ax m sp k ow l d ax n d s t aa r v ey zh ax n sp
sil n aw p l iy z sp g ih v sp ax p l ey n s t ey t m ax n t sp ax v sp w ax t sp ax k er d sp
hh ih z sp b l ax d g r uw hh aa t sp w ih th sp sil r ey jh sp ae t dh ax th aa t sp
sil s ih n s dh eh n s ax m m ih s t ih r iy ax s sp f aa r s sp hh ae z b ih n f ay t ih ng ax s sp ae t sp eh v r iy s t eh p
hh iy l uh k t sp ae t dh iy hh ae ng k er ch ih f sp m aa r sil sp k l ow s l iy sp
sil dh ey ey t sp d ih n er sp ae t dh ax f ih f th sp ae n d r eh s t ax d sp f aa r t uw aw er z sp
sil dh eh r z t uw m ax ch sp ax v dh ax sp s k uw l b oy sil sil ih n m iy sp
sil b ax t hh iy r ax m ax ng s t sp aa r s eh l v z sp l eh t sp ax s s p iy k aw t sp
sil t uw y ih r z ax g ow sp ay g ey v ax p s ih v ax l ih z ey zh ax n f aa r dh ih s
sil hh iy ow b ey d sp dh ax p r eh zh er ax v sp hh er hh ae n d sp
sil ax l ow b uh zh sp w ih p t sp hh ih m sp ih n dh ax f ey s sp ae n d l eh f t n ow s t ih ng sp
sil zh iy w aa z hh ih z sp n aw f er eh v er sp
sil b ax t s ax ch sp d ay v er jh ax n s sp ax v sp ax p ih n y ax n w uh d sp k aa n s t ax sil t uw t sp n ow m eh n ih s sp t ih s ax s ay ax t iy sp
sil hh ih z sp ih m ae k y uw l ih t sp ax p ih r ax n s w aa z g aa n sp
sil y eh t sp b ih hh ay n d dh eh m sp dh eh r w aa z sp ax n ax dh er sp ae n d m aa r p aw er f ax l m ow t ih v
sil dh ax sil r ih g r eh t sp ih n hh ih z v oy s w aa z sp p r ow v aa k ax t ih v sp ax v sil ax s eh k ax n b er s t sp ax v l ae f t er sil
sil f aa r ax f uh l m ih n ax t sp dh ax sp t uw m eh n s t eh r d sp ih n t uw sp iy ch sil ax dh er z f ey s
sil t uw sp m ay s er p r ay z hh iy b iy g ae n t uw zh ow ae k ch ax w ax l ih n th uw z iy ae z ax m sp ih n m ay f ey v er sp
sil ih t sp ih z dh ax f ay r sp p aa r t l iy zh iy s eh d sp
sil ih t w ax z ey k y uh r iy ax s k ow ih n s ih d ax n s sp
sil dh ih s w aa z w eh n dh iy ih k s p l ow zh ax n ax k er d sp
f aa r ax f uh l m ih n ax t sp hh iy k r aw ch t sp ae n d l ih s ax n d sp
sil dh eh n sp y uw k ae n er ey n jh y er s eh l f k ax m f er t ax b l iy sp ax m ax ng dh iy z r ow b z sp ih n dh ax b ow sp
sil ay w aa z b r aa t sp ax p sp dh ax w ey m ow s g er l z sp ih n hh ax w ay iy sp aa r b r aa t ax p
sil zh iy w ax z s l iy p ih ng ax n d er hh ih z p r ax t eh k zh ax n sp ae z s w iy t l iy ae z sp ax ch ay l d sp
sil w ax t w aa z dh iy aa b jh eh k t sp ax v sp y aa r l ih t ax l s eh n s ey zh ax n sp
sil ae n d y uw aa l w ey z sp w aa n t sp t ih s iy sp ih t ih n dh ax s uh p er l ax t ih v sp d ih g r iy sp
sil dh ax s eh n t s ax v sp s t r ey n jh sil v eh jh ax sil t ey zh ax n b l uw aa f dh ax t r aa p ih k l ae n d sp
sil ay l t eh l y uw sp dh ax l ay b r eh r iy ax n s eh d sp w ih th ax sp b r ay t ax n ih ng sp f ey s sp
sil ay s ax p ow z y uw p ih k t sp dh ae t l ih ng g ow ax p sp ax m ax ng dh iy ih n d iy ax n z sp
sil ax k aa m b ax n ey zh ax n ax v k ax n ey d iy ax n sp k ae p ih t ax l sp k w ih k l iy aa r g ax n ay z d sp ae n d p ax t ih zh ax n d sp f aa r dh ax s ey m sp p r ih v ih l ax jh ax z sp
sil ax sp t r ih k ax l sp ax v f r eh zh b l ax d sp r ae n ow v er hh ih z f ey s
sil s ax ch sp ax n sp ae k t w aa z sp ih n d ay r eh k t v ay ax l ey zh ax n sp ax v sp dh ax l aa z sp ax v sp dh ax l ae n d sp
sil b ax t dh ey m ey k dh ax m ih s t ey k ax v ih g n aa r ih ng sil dh eh r ow n sil d uw ae l ax t iy sil
sil ih n hh er hh ey s t t ih g eh t ax w ey zh iy hh ae d f aa r g aa t ax n dh iy z th ih ng z sil
sil y uw w er g ow ih n t ih l iy v sil ae f t er y uw s aa m iy aa n dh ax r aa k sil
sil ih t w ax z ax l aa r jh k ax n uw sil
sil g aa d sil b l eh s dh eh m sil ay hh ow p ay w ih l g ow aa n s iy ih ng dh eh m f er r eh v er sil
sil ih f y uw m iy n t uw sil ih n s ih n y uw ey t sil b r eh n t w uh d sil b ih g ae n hh aa t l iy sil
sil ih f y uw ow n l iy k uh d n ow sil hh aw ay sil th ae ng k y uw sil
sil eh v r iy b ow n ih n hh er sil ey jh d b aa d iy sil s iy m d b r ow k ax n sil er d ih s l ow k ey t ih d sil
sil dh ax f aa r th ax n d sil f ih th d ey z p ae s t sil w ih dh aw t eh n iy d ih v eh l ax p m ax n t s
sil dh eh r w ax z n ax th ih ng aa n dh ax r aa k sil
sil ay hh ae sil d f ey th sil ih n dh eh m sil
sil hh iy w ax z w uw n d ih d ih n dh ax aa r m sil
sil ow n l iy sil ih t ih z s ow w ax n d er f ax l sil s ow aa l m ow s t sil ih m p aa s ax b ax l t uw b ih l iy v sil
sil ay w ax z ax b aw t t uw d uw dh ih s w ih n k uw l er jh ax jh m ax n t p r ih v ey l d sil
sil ih t w ax z ax t eh m t ey zh ax n sil b ax t hh iy r ih z ih s t ih d ih t
sil b ax t aa l m ay d r iy m z v ay ax l ey t ih d dh ih s l aa sil
sil t uw jh ay g ae n t ih k sil aw l z sil w er t ih r ih ng sil ae t dh ax k aa r k ax s sil
sil hh er b y uw t ax f ax l hh eh r w ax z d ax n sil ax p sil ih n zh ay n ih ng k oy l z sil
sil ih t ih z ax g uh d p r aa p er t iy sil ax n d w er th m aa r dh ax n dh ae t sil
sil zh ae l ay k ae r iy y uw sil
sil s w ih f t l iy hh ih z ay z m eh zh er d dh ax s ih ch uw ey zh ax n
sil ih t ax k er d t uw m iy sil dh ae t dh eh r w uh d hh ae v sil t uw b iy sil ae n ax k aw n t ih ng sil
sil eh v r iy th ih ng w ax z w er k ih ng s m uw th l iy sil b eh t er dh ax n ay hh ae d ih k s p eh k t ih d
sil ih t w ax z m ay r iy p aa r t s f r ax m dh ax n aa r th sil w ih ch ch iy f l iy ih n d sil uw s t sil p iy p ax l t uw b ay sil
sil hh iy d ih d n aa t b ih l iy v ih n dh ax b er n ih ng ax v d ey l ay t sil f r er s ax ch ax l ax g zh er iy sil
sil k l ax b z ax n d b aa l z sil ax n d s ih t iy z sil g r uw t uw b iy ow n l iy m eh m er iy z
sil r aa b er r iy sil b r ay b er r iy sil f r aa d sil
sil ih t w ax z ow v er w ih n hh iy m ey d hh ih z w ey th r uw dh ax r ih ng ax v s p eh k t sil ey t er z
sil b ax t dh eh r w aa z s ax m th ih ng sil iy v ih n m aa r s t aa r t l ih ng sil dh ae n dh ih s r ih z eh m b l ax n s
sil y uw hh ae v hh er d aa l w ey z hh aw hh iy w ax z dh ax l ax v er ax v sil p r ih n s eh s sil n ey ow m iy sil
sil ih f ay sil eh v er n iy d ih d ax f ay t er ih n m ay l ay f sil ay n iy d w ax n n aw sil
sil w iy s aa y uh r l ay t sil ax n d th aa t sil y uw w uh d ax n t m ay n d ax k aa l sil
sil dh eh n sil ae n d ae t s ax p er sil hh iy t r ay d t uw f ae dh ax m sil hh er sil
sil y uw sil y uw w uh d n aa t k iy p dh ax sil t r uw th sil f r ax m m iy sil
sil dh iy zh ih p zh uh d b iy sil ih n sil w ih dh ih n sil ax w iy k sil aa r t eh n d ey z
sil m iy n w ay l sil ay w ih l g ow aw t sil t uw b r iy dh ax s p eh l sil
sil g ae sil d sil y uh r l eh t er k ey m sil jh ax s t ih n t ay m sil
sil w ax z ih t dh ax r aa n d ih v uw sil ax v dh ow z sil hh uw w er s t r ay v ih ng t uw w er k hh ih z r uw ih n sil
sil hh w ax t ih f zh iy d ih d n aa t sil k ax m t uw dh ax r aa k
sil hh iy m uw v d sil ax w ey ae z k w ay ax t l iy ae z hh iy hh ae d sil k ax m sil
sil s ax d n l iy s f ih ng g er z sil k l ow z d ay t l iy ow v er dh ax hh ae ng k er ch ih f sil
sil dh ey sil w er r th r iy hh ax n d r ax d y aa r d z sil ax p aa r t sil
sil ax b aw t hh ih m sil eh v r iy w eh r sil w er dh ax eh v ax d ax n s ax z ax v l ax g zh er iy sil ae n d ax v sil ey jh sil
sil dh eh r w ax z ax ch ey n jh n aw sil
sil hh iy w ax z d ih t er m ax n d n aw sil t uw m ey n t ey n sil ax m aa r s er t ax n hh ow l d sil ax p aa n hh ih m s eh l f
sil hh iy hh ae d b eh r l iy eh n t er d sil dh ih s w eh n hh iy s aa dh ax g l ow ax v ax f ay r sil
sil w ih dh dh iy z aa r g y ax m ax n t s hh iy k ax n v ih n s t hh ih m s eh l f sil dh ae t hh iy zh uh d g ow sil aa n sil ax l ow n sil
sil ay f aa l ow d dh ax l ay n ax v dh ax p r ax p ow z d r ey l r ow d sil l uh k ih ng f aa r ch ae n s ax z
sil k l ow s b ih s ay d hh ih m g l iy m d sil dh ax w ay t f ae ng z ax v dh ax w uh l f d aa g sil
sil dh ax f aa r m er w er k s dh ax s oy l sil ae n d p r ax d uw s ax z g r ey n sil
sil hh aa r d l iy w er aa r p l ae n z m ey d p ax b l ih k sil b iy f aa r w iy w er m eh sil t sil b ay p aw er r f ax l aa p ax z ih zh ax n sil
sil y eh s sil ih t w ax z ax m ae n sil hh uw ae s t sil ax s t r ey n jh er sil
sil ih t s iy m d dh ax aa r d ey n d sil aa r d er ax v th ih ng z sil dh ae t d aa g z zh uh d w er k sil
sil dh ey hh ae v w ax n p aa p y ax l er s eh n t ax m ax n t th r uw dh ax n uw z p ey p er z sil
sil aa b v iy ax s l iy sil ih t w ax z ax d ih z iy z sil dh ae t k uh d b iy k aa n t r ae k t ax d b ay sil k aa n t ae k t sil
sil dh ih s w ax n hh ow p sil w ax z d ih s t r oy d sil ae z k w ih k l iy ae z ih t w aa z b aa r n sil
sil f aa r ax sil t ay m sil dh iy ih k s ay t ih ng th r ih l sil ax v hh ih z ax d v eh n ch er w aa z g aa n sil
sil ih n s t eh d sil hh iy er ay v d aa n dh ax n ay t ax v dh ax s eh k ax n d d ey sil
sil zh iy t er n d ih n sil ae t dh ax hh ow t eh l sil
sil ax m ae d n ih ng jh oy sil p aw n d ih d sil ih n hh ih z b r ey n sil
sil hh iy w ey d ih d ih n t uw dh ax eh jh ax v dh ax w aa t er sil ae n d b ih g ae n s k r ax b ih ng hh ih m s eh l f sil
sil ih n s t eh d hh iy jh oy n d hh er sil ae n d dh ey ey t l ay k t uw hh ax ng g r iy sil ch ih l d r ax n sil
sil dh ax g r ey ay z f aa l t er d sil dh ax f l ax zh sil d iy p ax n d
sil dh iy iy m ow zh ax n w ih ch zh iy hh ae d s ax p r eh s t sil b er s t f aa r th sil n aw sil ih n ax ch ow k ih ng s aa b sil
sil hh iy ch ey n jh d hh ih z s iy t f aa r ax s t iy m er sil r ih k l ay n ih ng ch eh r sil
sil hh iy w ih l f aa l ow ax s s uw n sil
sil dh ax l ey s sil w ax z ax v sil ax d eh l ax k ax t ay v r iy sil k ax l er sil f ey n t l iy t ih n t ih d sil w ih dh y eh l ow sil
sil dh eh r hh ae z b ih n ax sil ch ey n jh sil zh iy ih n t er ax p t ih d hh ih m sil
sil hh ih z f ey s w ax z s t r iy m ih ng sil w ih dh b l ax d sil
sil ay s ax p ow z y uw w ax n d er w ay zh iy ih z k ax m ih ng ax p hh iy r sil
sil y uw k ax n t ey k ax v ey k ey zh ax n aa n p ey sil
sil eh n iy w ey sil n ow w ax n s aa hh er l ay k dh ae t sil
sil p r aa v ax d ax n s hh ae d d ih l ih v er d hh ih m sil th r uw dh ax m ey l s t r ax m sil
sil ih t w ax z b iy t ih ng sil ax n d w ey t ih ng ih n dh ax ae m b uh zh sil ax v dh ow z b l ae k sil p ih t s
sil d uw y uw n ow sil dh ae t y uw er zh ey k ih ng m ay k aa n f ax d ax n s ih n y uw sil
sil iy ch d ey zh iy b iy k ey m sil ax m aa r v ay t ax l p aa r t ax v hh ih m sil
sil b ax t sil dh eh r k ey m n ow p r aa m ax s f r ax m dh ax b ow ax v dh ax k ax n uw sil
sil ax b ih g k ae n v ax s t eh n t sil w ax z dh ax f er s th ih ng sil t uw k ax m w ih dh ih n hh ih z v ih zh ax n sil
sil dh ey k l ow z d n aw sil ax n t ih l hh ih z f ih ng g er z sil w er l ay k k aa r d z ax v s t iy l sil
sil dh ax p l ae n t er z aa r aa l r eh d iy k ax n s ih d er ih ng sil dh ax m ae t er sil
sil f aa r dh ax t w eh n t iy ax th sil t ay m sil dh ae t sil iy v n ih ng sil dh ax t uw m eh n zh uh k hh ae n d z
sil dh ax s ih ng ih ng v oy s sil ax p r ow ch t sil r ae p ax d l iy sil
sil zh iy sil ae d ih d sil w ih dh jh eh n y ax w ax n s ih m p ax th iy sil ih n hh er f ey s sil ae n d v oy s sil
sil dh eh r f aa r s ih z w er aa l r eh d iy m uw v ih ng ih n t uw dh ax n aa r th k ax n t r iy sil
sil dh ax s sil hh ae d dh ax r aa w ih l d er n ax s p r iy p eh r d hh ih m sil f aa r dh ih s d ey sil
sil y uw w ow n t d ay ax v sil m ae l n uw t r ih zh ax n sil b iy zh uh r ax v sil dh ae t sil
sil ay w ax z dh ax ow n l iy w ax n sil hh uw r iy m ey n d s ih t ih ng sil
sil dh ax m eh n s t eh r d sil ih n t uw iy ch sil ax dh er z f ey s sil
sil dh eh n hh iy s t eh p t b ae k sil w ih dh ey l ow k r ay ax v p l eh zh er sil
sil w ih l w iy eh v er f aa r g eh t ih t sil
sil hh er f ey s w aa z sil ax g ey n s t sil hh ih z b r eh s t
sil zh uh r l iy sil ay w ih l ih k s k y uw z y uw sil zh iy k r ay d sil
sil dh ey hh ae n d ax l d t uw m eh n aa l r eh d iy sil b ow th g r ax b th iy v z
sil ax n d dh ih s w aa z dh eh r s ow l k aa n v er s ey zh ax n sil th r uw aw t dh ax m iy l sil
sil hh iy t ow l d hh ih m s eh l f sil dh ae t ae z hh iy w aa zh t hh ih m s eh l f sil ax n d g r uw m d hh ih z sil d ih zh eh v ax l d sil k l ow dh z sil
sil y uw g aa t aw t sil b ay f ay t ih ng sil ax n d sil ay sil th r uw ax p r ih t iy g er l sil
sil p er hh ae p s sil zh iy hh ae d aa l r eh d iy m eh t hh er f ey t sil ax l ih t ax l d iy p er ih n dh ax f aa r ax s t
sil y uw m ax s t s l iy p sil hh iy er jh d sil
sil m ay r ay t f uh t sil f iy l z l ay k dh ae t ax v ax sil ch ay n iy z d eh b y ax t aa n t sil
sil dh ax n ay t g l ow w ax z t r eh ch er ax s sil t uw zh uw t b ay sil
sil ih t f eh r l iy k l ax b d m iy sil ih n t uw r eh k ax g n ay z ih ng sil ih t sil
sil hh iy m ey d zh uh r sil dh ae t dh ax m ae g ax z iy n w ax z l ow d ih d sil ae n d r iy z uw m d hh ih z p ae d l ih ng sil
sil hh iy w ax z ax hh eh d zh aa r t er sil dh ae n hh ih z k ax m p ae n y ax n sil ax v aa l m ow s t d eh l ax k ax t f ax z iy k
sil zh iy ow b ey d sil zh r ih ng k ih ng b ae k w ih dh dh ax b ey b iy ih n hh er aa r m z
sil dh iy z r uw m er z sil m ey iy v ih n sil er ih jh ax n ey t w ih dh ax s sil
sil ay m p l ey ih ng ax s ih ng g ax l hh ae n d sil ih n w ax t l uh k s l ay k ax l uw z ih ng g ey m sil
sil hh aw k uh d hh iy ih k s p l ey n hh ih z p ax z eh zh ax n ax v dh ax s k eh ch sil
sil ay k ey m f aa r ih n f er m ey zh ax n sil m aa r aw t ax v k y uh r iy aa s ax t iy sil dh ae n eh n iy th ih ng eh l s sil
sil dh ax ae d ih d w ey t hh ae d ax v ax l aa s ax t iy ax v f ih f t iy n m ay l z p er aw er sil
sil y iy l d y aa r s eh l f t uw dh ax w aa t er z dh ae t er r ih p ih ng ae n d t ih r ih ng ae t y uw sil
sil dh ax g er l f ey s t hh ih m sil hh er r ay z zh ay n ih ng w ih th s ax d ax n f ih r sil
sil y uw th hh ae d k ax m b ae k t uw hh er sil f r iy d f r ax m dh iy y ow k ax v sil ax p r eh zh ax n sil
sil w iy w iy l hh ae v t ax w aa ch aa r ch ae n s ax z
sil hh iy hh ae d n ow ih k s k y uw z sil f aa r dh ax f iy l ih ng z w ih ch w er er aw z d ih n hh ih m sil
sil hh iy w eh n t d aw n ih n m ih d s t r iy m sil s er ch ih ng dh ax zh ae d ow z sil ax v b ow th zh aa r z
sil s ax p ow z y uw s aa m iy ae t w er k th r uw dh ax w ih n d ow sil
sil dh ax p ey n f r ax m m ay hh er t sil n iy sil w ax z ae g ax n ay z ih ng sil
sil zh uw t ih ng p ey n z p ae s t l ay k f l ae zh ih z ax v ih l eh k t r ih s ax t iy sil th r uw hh ih z b aa d iy sil
sil d eh th hh ae d sil k ax m sil w ih dh t eh r ax b ax l s ax d ax n n ax s sil
hh iy g ey v n ow r iy z ax n sil b ax t hh ih z m ow t ih v w ax z aa b v iy ax s ih n ax f sil
sil dh ax p r ax m ow t er z ay z sil w er hh eh v iy sil w ih dh l ih t ax l sil p ax f iy b ae g z sil ax n d er dh eh m sil
sil zh iy hh ae d d ay d sil f r ax m k ow l d sil ae n d s t aa r v ey zh ax n sil
sil hh ih z b l ax d g r uw sil hh aa t sil w ih dh r ey jh sil ae t dh ax th aa t
sil dh ey l uh k ae z dh ow sil hh iy hh ae d b ih n d r ax m ih ng ax p iy ae n ow sil aa l hh ih z l ay f sil
sil s ih n s dh eh n s ax m m ih s t ih r iy ax s f aa r s hh ae z b ax n f ay t ih ng ax s sil ae t eh v r iy s t eh p sil
sil hh iy l uh k t ae t dh ax hh ae ng k er ch ih f sil m aa r sil k l ow s l iy sil
sil dh ey ey t d ih n er ae t dh ax f ih th sil ae n d r eh s t ih d f aa r t uw aw r z
sil t uw y ih r z sil ax g ow sil ay g ey v ax p s ih v ax l ih z ey zh ax n f aa r dh ih s sil
sil dh ae t s w eh r dh ey k ax t aa f dh ax s k aa t ih zh ch iy f s sil ax n d k ih l d aa l hh ae n z
sil hh iy ow b ey d dh ax p r eh zh er ax v hh er hh ae n d sil
sil ax l ow b uh zh sil w ih p t hh ih m sil ih n dh ax f ey s sil ae n d l eh f t sil n ow s t ih ng sil
sil zh iy w ax z sil hh ih z n aw sil f er eh v er sil
sil s ow w iy hh ae v t uw f ih t dh ax b ow t th r uw aw t sil w ih th oy l l ae m p s eh z w eh l
sil hh ih z ih m ae k y uw l ih t ax p ih r ax n s sil w aa z sil g aa n sil
sil t uw m ay s ax p r ay z sil hh iy b ih g ae n t uw zh ow ae k zh ax l ih n th uw z iy ae z ax m sil ih n m ay f ey v er r sil
sil ih t ih z dh ax sil f ay r sil p aa r t l iy sil zh iy s eh d sil
sil ih t w ax z ax sil k y uh r iy ax s k ow ih n s ih d ax n s
sil s ax m th ih ng ax b aw t ih t s iy m d t uw f ae s ax n ey t hh ih m sil t ax ch ae l ax n jh hh ih z p r eh z ax n s
sil f aa r ax f uh l m ih n ax t sil hh iy k r aw ch t sil ae n d l ih s ax n d
sil dh eh n y uw k ae n er ey n jh y aa r s eh l f k ax m f er t ax b l iy sil ax m ax ng dh iy z r ow b z sil ih n dh ax b ow sil
sil hh iy r ih n dh ax m ih d m aa r n ih ng dh ax f er s t k ae zh ax w ax l t iy ax k er d sil
sil b ih s ay d z sil hh iy w ax z p ey d w ax n k ey s ax v t ax b ae k ow p er hh eh d sil
sil zh iy w ax z s l iy p ih ng ax n d er hh ih z p er t eh k zh ax n ae z s w iy t l iy eh z ax ch ay l d sil
sil w ax t sil w ax z dh ax aa b jh eh k t sil ax v y uh r l ih t ax l s eh n s ey zh ax n sil
sil ae n d y uw sil aa l w iy z w aa n t t uw s iy ih t ih n dh ax s uh p er l ax t ih v d ih g r iy sil
sil ih t w ih l b r ey k aa r hh aa r t s sil ax n d aw r b ae k s t uw hh oy s t ae ng k er b ay hh ae n d
sil ay s ax p ow z y uw p ih k t dh ae t l ih ng g ow sil ax p sil ax m ax ng dh ax ih n d iy ax n z
sil ax k aa m b ax n ey zh ax n ax v k ax n ey d iy ax n k ae p ax t ax l sil k w ih k l iy aa r g ax n ay z d sil ae n d p ax t ih zh ax n d f aa r dh ax s ey m p r ih v ih l ih jh ih z
sil ax sil t r ih k ax l ax v f r eh zh b l ax d sil r ae n ow v er hh ih z f ey s sil
sil w iy er k uh k ih ng aa n dh ax k ow l s t ow v sil ax n d aa n dh iy sil oy l b er n er z sil
