sil ax l ih t ax l t r iy t m ax n t sp m ax s aa zh sp w ih th s ax m hh eh l p f er m dh ax d aa k t er sp
sil p r aa v ax d ax n s sil hh ae d d ih l ih v er d hh ih m th r uw dh ax m ey l s t r ax m sil
sil ax b aw t hh ih m sil sil eh v r iy w eh r sp w er dh ax eh v ax d ax n s ax z sp ax v l ax g zh er iy sil sil ax n d sp ax v sp ey jh sp
sil k l ow z b ih s ay d hh ih m sp g l iy m d sp dh ax w ay t f ae ng z ax v sp dh ax w uh l f sp d aa g sp
sil ax b ih g k ae n v ax s sp t eh n t sp w ax z dh ax f er s t th ih ng sp t ih k ax m w ih th ih n hh ih z v ih zh ax n sp
hh iy w ax z ey hh eh d zh aa r t er dh ae n hh ih z k ax m p ae n y ax n sp ax v aa l m ow s t d eh l ax k ax t f ax z iy k sp
sil ax b aw t hh ih m sp eh v r iy w eh r sp w er dh ax eh v ax d ax n s ax z ax v l ax g zh er iy sp ae n d ax v ey jh sp
hh iy w ih l f aa l ow ax s s uw n
sil r aa b er iy sp b r ay b er iy sp f r aa d sp
sil l ae s t n ay t hh iy zh ow d aa l dh ax s ih m p t ax m sil z sp ax v k ax m ih ng d aw n w ih th sp n sil uw m ow n y ax
sil ax m ae sil d ax n ih ng sp jh oy sp p aw n d ih d sp ih n sp hh ih z sp b r ey n sp
sil dh eh n hh iy s t eh p t sil sil sp b ae k sp w ih th ax sp l ow sp k r ay sp ax v sp p l eh zh er sp
sil b ax t dh eh r w ax z aa l s ow t aa k ax v w ih ch k r ae f t ih n dh ax v ih l ih jh sp
sil zh ae l ay sp k eh r iy y uw sp
sil ay f aa r g aa t hh aw iy z ax l iy ay hh ae d t aa t m ay s eh l f f r ax m dh ax p r ih n t ih d sp p ey jh sp
sil ih f sp ay eh v er n iy d ih d sp ax f ay t er ih n m ay l ay f sp ay n iy d w ax n n aw sp
w aa z ih t sp dh ax r aa n d ih v uw sp ax v sp dh ow z hh uw w er sp s t r ay v ih ng sil sp t ax w er k hh ih z sp r uw ax n sp
w ax t ih f zh iy d ih d n aa t sp k ax m t uw dh ax r aa k sp
hh iy hh ae d b eh r l iy eh n t er d dh ih s w ih n hh iy s aa sp dh ax g l ow ax v ax f ay r sp
sil ax m ae d ax n ih ng jh oy p aw n d ih d ih n hh ih z b r ey n sp
sil ax m p l ey ih ng ax s ih ng g ax l hh ae n d sp ih n w ax t l uh k s l ay k ax l uw z ih ng g ey m sp
sil s ax d ax n l iy hh ih z f ih ng g er z k l ow z d t ay t l iy ow v er dh ax hh ae ng k er ch iy f sp
sil ae n d dh ih s w ax z dh eh r s ow l k aa n v er s ey zh ax n th r uw aw t dh ax m iy l sp
sil dh eh r z sp t uw m ax ch sp ax v dh ax s k uw l b oy ih n m iy sp
sil b ax t hh iy r ax m ax ng s t aw er s eh l v z l eh t ax s s p iy k aw t sp
sil zh iy t er n sil d ih n ae t sp dh iy sp hh ow t eh l sp
sil g ae d y uh r l eh t er k ey m jh ax s t ih n t ay m sp
hh iy b aa r n ow g r ax jh ih sil z sp ae n d hh ae d sil sp f y uw sp eh n ax m iy z sp
sil ih t w ax z m ay r ih p aa r t s sp f r ax m dh ax n aa r th sp hh w ih ch sp ch iy f l iy sp ih n d uw s t p iy p ax l t ih b ay sp
sil r aa b er iy sp b r ay b er iy sp f r aa d sp
y uw sp y uw w uh d n aa t k iy p dh ax t r uw th f r ax m m iy sp
sil dh eh r w ax z n ow ch ae n s t ax f ay er sp w ih dh aw t hh ih t ih ng hh ih m sp
sil hh iy w eh n t d aw n sp ih n m ih d s t r iy m sp s er ch ih ng dh ax zh ae d ow z sp ax v sp b ow th zh aa r z sp
